ARM GAS  C:\Users\IGOR~1.HOL\AppData\Local\Temp\ccDotovx.s 			page 1


   1              		.cpu cortex-m0
   2              		.fpu softvfp
   3              		.eabi_attribute 20, 1
   4              		.eabi_attribute 21, 1
   5              		.eabi_attribute 23, 3
   6              		.eabi_attribute 24, 1
   7              		.eabi_attribute 25, 1
   8              		.eabi_attribute 26, 1
   9              		.eabi_attribute 30, 6
  10              		.eabi_attribute 34, 0
  11              		.eabi_attribute 18, 4
  12              		.code	16
  13              		.file	"cyfitter_cfg.c"
  14              		.text
  15              	.Ltext0:
  16              		.cfi_sections	.debug_frame
  17              		.section	.text.CYMEMZERO,"ax",%progbits
  18              		.align	2
  19              		.code	16
  20              		.thumb_func
  21              		.type	CYMEMZERO, %function
  22              	CYMEMZERO:
  23              	.LFB1:
  24              		.file 1 "Generated_Source\\PSoC4\\cyfitter_cfg.c"
   1:Generated_Source\PSoC4/cyfitter_cfg.c **** /*******************************************************************************
   2:Generated_Source\PSoC4/cyfitter_cfg.c **** * File Name: cyfitter_cfg.c
   3:Generated_Source\PSoC4/cyfitter_cfg.c **** * 
   4:Generated_Source\PSoC4/cyfitter_cfg.c **** * PSoC Creator  4.0 Update 1
   5:Generated_Source\PSoC4/cyfitter_cfg.c **** *
   6:Generated_Source\PSoC4/cyfitter_cfg.c **** * Description:
   7:Generated_Source\PSoC4/cyfitter_cfg.c **** * This file contains device initialization code.
   8:Generated_Source\PSoC4/cyfitter_cfg.c **** * Except for the user defined sections in CyClockStartupError(), this file should not be modified.
   9:Generated_Source\PSoC4/cyfitter_cfg.c **** * This file is automatically generated by PSoC Creator.
  10:Generated_Source\PSoC4/cyfitter_cfg.c **** *
  11:Generated_Source\PSoC4/cyfitter_cfg.c **** ********************************************************************************
  12:Generated_Source\PSoC4/cyfitter_cfg.c **** * Copyright (c) 2007-2016 Cypress Semiconductor.  All rights reserved.
  13:Generated_Source\PSoC4/cyfitter_cfg.c **** * You may use this file only in accordance with the license, terms, conditions, 
  14:Generated_Source\PSoC4/cyfitter_cfg.c **** * disclaimers, and limitations in the end user license agreement accompanying 
  15:Generated_Source\PSoC4/cyfitter_cfg.c **** * the software package with which this file was provided.
  16:Generated_Source\PSoC4/cyfitter_cfg.c **** ********************************************************************************/
  17:Generated_Source\PSoC4/cyfitter_cfg.c **** 
  18:Generated_Source\PSoC4/cyfitter_cfg.c **** #include <string.h>
  19:Generated_Source\PSoC4/cyfitter_cfg.c **** #include "cytypes.h"
  20:Generated_Source\PSoC4/cyfitter_cfg.c **** #include "cydevice_trm.h"
  21:Generated_Source\PSoC4/cyfitter_cfg.c **** #include "cyfitter.h"
  22:Generated_Source\PSoC4/cyfitter_cfg.c **** #include "CyLib.h"
  23:Generated_Source\PSoC4/cyfitter_cfg.c **** #include "cyfitter_cfg.h"
  24:Generated_Source\PSoC4/cyfitter_cfg.c **** #include "cyapicallbacks.h"
  25:Generated_Source\PSoC4/cyfitter_cfg.c **** 
  26:Generated_Source\PSoC4/cyfitter_cfg.c **** 
  27:Generated_Source\PSoC4/cyfitter_cfg.c **** #if defined(__GNUC__) || defined(__ARMCC_VERSION)
  28:Generated_Source\PSoC4/cyfitter_cfg.c ****     #define CYPACKED 
  29:Generated_Source\PSoC4/cyfitter_cfg.c ****     #define CYPACKED_ATTR __attribute__ ((packed))
  30:Generated_Source\PSoC4/cyfitter_cfg.c ****     #define CYALIGNED __attribute__ ((aligned))
  31:Generated_Source\PSoC4/cyfitter_cfg.c ****     #define CY_CFG_UNUSED __attribute__ ((unused))
  32:Generated_Source\PSoC4/cyfitter_cfg.c ****     #ifndef CY_CFG_SECTION
  33:Generated_Source\PSoC4/cyfitter_cfg.c ****         #define CY_CFG_SECTION __attribute__ ((section(".psocinit")))
ARM GAS  C:\Users\IGOR~1.HOL\AppData\Local\Temp\ccDotovx.s 			page 2


  34:Generated_Source\PSoC4/cyfitter_cfg.c ****     #endif
  35:Generated_Source\PSoC4/cyfitter_cfg.c ****     
  36:Generated_Source\PSoC4/cyfitter_cfg.c ****     #if defined(__ARMCC_VERSION)
  37:Generated_Source\PSoC4/cyfitter_cfg.c ****         #define CY_CFG_MEMORY_BARRIER() __memory_changed()
  38:Generated_Source\PSoC4/cyfitter_cfg.c ****     #else
  39:Generated_Source\PSoC4/cyfitter_cfg.c ****         #define CY_CFG_MEMORY_BARRIER() __sync_synchronize()
  40:Generated_Source\PSoC4/cyfitter_cfg.c ****     #endif
  41:Generated_Source\PSoC4/cyfitter_cfg.c ****     
  42:Generated_Source\PSoC4/cyfitter_cfg.c **** #elif defined(__ICCARM__)
  43:Generated_Source\PSoC4/cyfitter_cfg.c ****     #include <intrinsics.h>
  44:Generated_Source\PSoC4/cyfitter_cfg.c **** 
  45:Generated_Source\PSoC4/cyfitter_cfg.c ****     #define CYPACKED __packed
  46:Generated_Source\PSoC4/cyfitter_cfg.c ****     #define CYPACKED_ATTR 
  47:Generated_Source\PSoC4/cyfitter_cfg.c ****     #define CYALIGNED _Pragma("data_alignment=4")
  48:Generated_Source\PSoC4/cyfitter_cfg.c ****     #define CY_CFG_UNUSED _Pragma("diag_suppress=Pe177")
  49:Generated_Source\PSoC4/cyfitter_cfg.c ****     #define CY_CFG_SECTION _Pragma("location=\".psocinit\"")
  50:Generated_Source\PSoC4/cyfitter_cfg.c ****     
  51:Generated_Source\PSoC4/cyfitter_cfg.c ****     #define CY_CFG_MEMORY_BARRIER() __DMB()
  52:Generated_Source\PSoC4/cyfitter_cfg.c ****     
  53:Generated_Source\PSoC4/cyfitter_cfg.c **** #else
  54:Generated_Source\PSoC4/cyfitter_cfg.c ****     #error Unsupported toolchain
  55:Generated_Source\PSoC4/cyfitter_cfg.c **** #endif
  56:Generated_Source\PSoC4/cyfitter_cfg.c **** 
  57:Generated_Source\PSoC4/cyfitter_cfg.c **** 
  58:Generated_Source\PSoC4/cyfitter_cfg.c **** CY_CFG_UNUSED
  59:Generated_Source\PSoC4/cyfitter_cfg.c **** static void CYMEMZERO(void *s, size_t n);
  60:Generated_Source\PSoC4/cyfitter_cfg.c **** CY_CFG_UNUSED
  61:Generated_Source\PSoC4/cyfitter_cfg.c **** static void CYMEMZERO(void *s, size_t n)
  62:Generated_Source\PSoC4/cyfitter_cfg.c **** {
  25              		.loc 1 62 0
  26              		.cfi_startproc
  27 0000 80B5     		push	{r7, lr}
  28              		.cfi_def_cfa_offset 8
  29              		.cfi_offset 7, -8
  30              		.cfi_offset 14, -4
  31 0002 82B0     		sub	sp, sp, #8
  32              		.cfi_def_cfa_offset 16
  33 0004 00AF     		add	r7, sp, #0
  34              		.cfi_def_cfa_register 7
  35 0006 7860     		str	r0, [r7, #4]
  36 0008 3960     		str	r1, [r7]
  63:Generated_Source\PSoC4/cyfitter_cfg.c **** 	(void)memset(s, 0, n);
  37              		.loc 1 63 0
  38 000a 7A68     		ldr	r2, [r7, #4]
  39 000c 3B68     		ldr	r3, [r7]
  40 000e 101C     		mov	r0, r2
  41 0010 0021     		mov	r1, #0
  42 0012 1A1C     		mov	r2, r3
  43 0014 FFF7FEFF 		bl	memset
  64:Generated_Source\PSoC4/cyfitter_cfg.c **** }
  44              		.loc 1 64 0
  45 0018 BD46     		mov	sp, r7
  46 001a 02B0     		add	sp, sp, #8
  47              		@ sp needed
  48 001c 80BD     		pop	{r7, pc}
  49              		.cfi_endproc
  50              	.LFE1:
ARM GAS  C:\Users\IGOR~1.HOL\AppData\Local\Temp\ccDotovx.s 			page 3


  51              		.size	CYMEMZERO, .-CYMEMZERO
  52 001e C046     		.section	.text.CYCONFIGCPY,"ax",%progbits
  53              		.align	2
  54              		.code	16
  55              		.thumb_func
  56              		.type	CYCONFIGCPY, %function
  57              	CYCONFIGCPY:
  58              	.LFB2:
  65:Generated_Source\PSoC4/cyfitter_cfg.c **** CY_CFG_UNUSED
  66:Generated_Source\PSoC4/cyfitter_cfg.c **** static void CYCONFIGCPY(void *dest, const void *src, size_t n);
  67:Generated_Source\PSoC4/cyfitter_cfg.c **** CY_CFG_UNUSED
  68:Generated_Source\PSoC4/cyfitter_cfg.c **** static void CYCONFIGCPY(void *dest, const void *src, size_t n)
  69:Generated_Source\PSoC4/cyfitter_cfg.c **** {
  59              		.loc 1 69 0
  60              		.cfi_startproc
  61 0000 80B5     		push	{r7, lr}
  62              		.cfi_def_cfa_offset 8
  63              		.cfi_offset 7, -8
  64              		.cfi_offset 14, -4
  65 0002 84B0     		sub	sp, sp, #16
  66              		.cfi_def_cfa_offset 24
  67 0004 00AF     		add	r7, sp, #0
  68              		.cfi_def_cfa_register 7
  69 0006 F860     		str	r0, [r7, #12]
  70 0008 B960     		str	r1, [r7, #8]
  71 000a 7A60     		str	r2, [r7, #4]
  70:Generated_Source\PSoC4/cyfitter_cfg.c **** 	(void)memcpy(dest, src, n);
  72              		.loc 1 70 0
  73 000c F968     		ldr	r1, [r7, #12]
  74 000e BA68     		ldr	r2, [r7, #8]
  75 0010 7B68     		ldr	r3, [r7, #4]
  76 0012 081C     		mov	r0, r1
  77 0014 111C     		mov	r1, r2
  78 0016 1A1C     		mov	r2, r3
  79 0018 FFF7FEFF 		bl	memcpy
  71:Generated_Source\PSoC4/cyfitter_cfg.c **** }
  80              		.loc 1 71 0
  81 001c BD46     		mov	sp, r7
  82 001e 04B0     		add	sp, sp, #16
  83              		@ sp needed
  84 0020 80BD     		pop	{r7, pc}
  85              		.cfi_endproc
  86              	.LFE2:
  87              		.size	CYCONFIGCPY, .-CYCONFIGCPY
  88 0022 C046     		.section	.text.CYCONFIGCPYCODE,"ax",%progbits
  89              		.align	2
  90              		.code	16
  91              		.thumb_func
  92              		.type	CYCONFIGCPYCODE, %function
  93              	CYCONFIGCPYCODE:
  94              	.LFB3:
  72:Generated_Source\PSoC4/cyfitter_cfg.c **** CY_CFG_UNUSED
  73:Generated_Source\PSoC4/cyfitter_cfg.c **** static void CYCONFIGCPYCODE(void *dest, const void *src, size_t n);
  74:Generated_Source\PSoC4/cyfitter_cfg.c **** CY_CFG_UNUSED
  75:Generated_Source\PSoC4/cyfitter_cfg.c **** static void CYCONFIGCPYCODE(void *dest, const void *src, size_t n)
  76:Generated_Source\PSoC4/cyfitter_cfg.c **** {
  95              		.loc 1 76 0
ARM GAS  C:\Users\IGOR~1.HOL\AppData\Local\Temp\ccDotovx.s 			page 4


  96              		.cfi_startproc
  97 0000 80B5     		push	{r7, lr}
  98              		.cfi_def_cfa_offset 8
  99              		.cfi_offset 7, -8
 100              		.cfi_offset 14, -4
 101 0002 84B0     		sub	sp, sp, #16
 102              		.cfi_def_cfa_offset 24
 103 0004 00AF     		add	r7, sp, #0
 104              		.cfi_def_cfa_register 7
 105 0006 F860     		str	r0, [r7, #12]
 106 0008 B960     		str	r1, [r7, #8]
 107 000a 7A60     		str	r2, [r7, #4]
  77:Generated_Source\PSoC4/cyfitter_cfg.c **** 	(void)memcpy(dest, src, n);
 108              		.loc 1 77 0
 109 000c F968     		ldr	r1, [r7, #12]
 110 000e BA68     		ldr	r2, [r7, #8]
 111 0010 7B68     		ldr	r3, [r7, #4]
 112 0012 081C     		mov	r0, r1
 113 0014 111C     		mov	r1, r2
 114 0016 1A1C     		mov	r2, r3
 115 0018 FFF7FEFF 		bl	memcpy
  78:Generated_Source\PSoC4/cyfitter_cfg.c **** }
 116              		.loc 1 78 0
 117 001c BD46     		mov	sp, r7
 118 001e 04B0     		add	sp, sp, #16
 119              		@ sp needed
 120 0020 80BD     		pop	{r7, pc}
 121              		.cfi_endproc
 122              	.LFE3:
 123              		.size	CYCONFIGCPYCODE, .-CYCONFIGCPYCODE
 124 0022 C046     		.section	.text.cfg_write_bytes32,"ax",%progbits
 125              		.align	2
 126              		.code	16
 127              		.thumb_func
 128              		.type	cfg_write_bytes32, %function
 129              	cfg_write_bytes32:
 130              	.LFB4:
  79:Generated_Source\PSoC4/cyfitter_cfg.c **** 
  80:Generated_Source\PSoC4/cyfitter_cfg.c **** 
  81:Generated_Source\PSoC4/cyfitter_cfg.c **** 
  82:Generated_Source\PSoC4/cyfitter_cfg.c **** 
  83:Generated_Source\PSoC4/cyfitter_cfg.c **** /* Clock startup error codes                                                   */
  84:Generated_Source\PSoC4/cyfitter_cfg.c **** #define CYCLOCKSTART_NO_ERROR    0u
  85:Generated_Source\PSoC4/cyfitter_cfg.c **** #define CYCLOCKSTART_XTAL_ERROR  1u
  86:Generated_Source\PSoC4/cyfitter_cfg.c **** #define CYCLOCKSTART_32KHZ_ERROR 2u
  87:Generated_Source\PSoC4/cyfitter_cfg.c **** #define CYCLOCKSTART_PLL_ERROR   3u
  88:Generated_Source\PSoC4/cyfitter_cfg.c **** 
  89:Generated_Source\PSoC4/cyfitter_cfg.c **** 
  90:Generated_Source\PSoC4/cyfitter_cfg.c **** #ifdef CY_NEED_CYCLOCKSTARTUPERROR
  91:Generated_Source\PSoC4/cyfitter_cfg.c **** /*******************************************************************************
  92:Generated_Source\PSoC4/cyfitter_cfg.c **** * Function Name: CyClockStartupError
  93:Generated_Source\PSoC4/cyfitter_cfg.c **** ********************************************************************************
  94:Generated_Source\PSoC4/cyfitter_cfg.c **** * Summary:
  95:Generated_Source\PSoC4/cyfitter_cfg.c **** *  If an error is encountered during clock configuration (crystal startup error,
  96:Generated_Source\PSoC4/cyfitter_cfg.c **** *  PLL lock error, etc.), the system will end up here.  Unless reimplemented by
  97:Generated_Source\PSoC4/cyfitter_cfg.c **** *  the customer, this function will stop in an infinite loop.
  98:Generated_Source\PSoC4/cyfitter_cfg.c **** *
ARM GAS  C:\Users\IGOR~1.HOL\AppData\Local\Temp\ccDotovx.s 			page 5


  99:Generated_Source\PSoC4/cyfitter_cfg.c **** * Parameters:
 100:Generated_Source\PSoC4/cyfitter_cfg.c **** *   void
 101:Generated_Source\PSoC4/cyfitter_cfg.c **** *
 102:Generated_Source\PSoC4/cyfitter_cfg.c **** * Return:
 103:Generated_Source\PSoC4/cyfitter_cfg.c **** *   void
 104:Generated_Source\PSoC4/cyfitter_cfg.c **** *
 105:Generated_Source\PSoC4/cyfitter_cfg.c **** *******************************************************************************/
 106:Generated_Source\PSoC4/cyfitter_cfg.c **** CY_CFG_UNUSED
 107:Generated_Source\PSoC4/cyfitter_cfg.c **** static void CyClockStartupError(uint8 errorCode);
 108:Generated_Source\PSoC4/cyfitter_cfg.c **** CY_CFG_UNUSED
 109:Generated_Source\PSoC4/cyfitter_cfg.c **** static void CyClockStartupError(uint8 errorCode)
 110:Generated_Source\PSoC4/cyfitter_cfg.c **** {
 111:Generated_Source\PSoC4/cyfitter_cfg.c ****     /* To remove the compiler warning if errorCode not used.                */
 112:Generated_Source\PSoC4/cyfitter_cfg.c ****     errorCode = errorCode;
 113:Generated_Source\PSoC4/cyfitter_cfg.c **** 
 114:Generated_Source\PSoC4/cyfitter_cfg.c ****     /* If we have a clock startup error (bad MHz crystal, PLL lock, etc.),  */
 115:Generated_Source\PSoC4/cyfitter_cfg.c ****     /* we will end up here to allow the customer to implement something to  */
 116:Generated_Source\PSoC4/cyfitter_cfg.c ****     /* deal with the clock condition.                                       */
 117:Generated_Source\PSoC4/cyfitter_cfg.c **** 
 118:Generated_Source\PSoC4/cyfitter_cfg.c **** #ifdef CY_CFG_CLOCK_STARTUP_ERROR_CALLBACK
 119:Generated_Source\PSoC4/cyfitter_cfg.c **** 	CY_CFG_Clock_Startup_ErrorCallback();
 120:Generated_Source\PSoC4/cyfitter_cfg.c **** #else
 121:Generated_Source\PSoC4/cyfitter_cfg.c **** 	/*  If not using CY_CFG_CLOCK_STARTUP_ERROR_CALLBACK, place your clock startup code here. */
 122:Generated_Source\PSoC4/cyfitter_cfg.c ****     /* `#START CyClockStartupError` */
 123:Generated_Source\PSoC4/cyfitter_cfg.c **** 
 124:Generated_Source\PSoC4/cyfitter_cfg.c **** 
 125:Generated_Source\PSoC4/cyfitter_cfg.c **** 
 126:Generated_Source\PSoC4/cyfitter_cfg.c ****     /* `#END` */
 127:Generated_Source\PSoC4/cyfitter_cfg.c **** 
 128:Generated_Source\PSoC4/cyfitter_cfg.c ****     /* If nothing else, stop here since the clocks have not started         */
 129:Generated_Source\PSoC4/cyfitter_cfg.c ****     /* correctly.                                                           */
 130:Generated_Source\PSoC4/cyfitter_cfg.c ****     while(1) {}
 131:Generated_Source\PSoC4/cyfitter_cfg.c **** #endif /* CY_CFG_CLOCK_STARTUP_ERROR_CALLBACK */ 
 132:Generated_Source\PSoC4/cyfitter_cfg.c **** }
 133:Generated_Source\PSoC4/cyfitter_cfg.c **** #endif
 134:Generated_Source\PSoC4/cyfitter_cfg.c **** 
 135:Generated_Source\PSoC4/cyfitter_cfg.c **** #define CY_CFG_BASE_ADDR_COUNT 1u
 136:Generated_Source\PSoC4/cyfitter_cfg.c **** CYPACKED typedef struct
 137:Generated_Source\PSoC4/cyfitter_cfg.c **** {
 138:Generated_Source\PSoC4/cyfitter_cfg.c **** 	uint8 offset;
 139:Generated_Source\PSoC4/cyfitter_cfg.c **** 	uint8 value;
 140:Generated_Source\PSoC4/cyfitter_cfg.c **** } CYPACKED_ATTR cy_cfg_addrvalue_t;
 141:Generated_Source\PSoC4/cyfitter_cfg.c **** 
 142:Generated_Source\PSoC4/cyfitter_cfg.c **** 
 143:Generated_Source\PSoC4/cyfitter_cfg.c **** 
 144:Generated_Source\PSoC4/cyfitter_cfg.c **** /*******************************************************************************
 145:Generated_Source\PSoC4/cyfitter_cfg.c **** * Function Name: cfg_write_bytes32
 146:Generated_Source\PSoC4/cyfitter_cfg.c **** ********************************************************************************
 147:Generated_Source\PSoC4/cyfitter_cfg.c **** * Summary:
 148:Generated_Source\PSoC4/cyfitter_cfg.c **** *  This function is used for setting up the chip configuration areas that
 149:Generated_Source\PSoC4/cyfitter_cfg.c **** *  contain relatively sparse data.
 150:Generated_Source\PSoC4/cyfitter_cfg.c **** *
 151:Generated_Source\PSoC4/cyfitter_cfg.c **** * Parameters:
 152:Generated_Source\PSoC4/cyfitter_cfg.c **** *   void
 153:Generated_Source\PSoC4/cyfitter_cfg.c **** *
 154:Generated_Source\PSoC4/cyfitter_cfg.c **** * Return:
 155:Generated_Source\PSoC4/cyfitter_cfg.c **** *   void
ARM GAS  C:\Users\IGOR~1.HOL\AppData\Local\Temp\ccDotovx.s 			page 6


 156:Generated_Source\PSoC4/cyfitter_cfg.c **** *
 157:Generated_Source\PSoC4/cyfitter_cfg.c **** *******************************************************************************/
 158:Generated_Source\PSoC4/cyfitter_cfg.c **** static void cfg_write_bytes32(const uint32 addr_table[], const cy_cfg_addrvalue_t data_table[]);
 159:Generated_Source\PSoC4/cyfitter_cfg.c **** static void cfg_write_bytes32(const uint32 addr_table[], const cy_cfg_addrvalue_t data_table[])
 160:Generated_Source\PSoC4/cyfitter_cfg.c **** {
 131              		.loc 1 160 0
 132              		.cfi_startproc
 133 0000 80B5     		push	{r7, lr}
 134              		.cfi_def_cfa_offset 8
 135              		.cfi_offset 7, -8
 136              		.cfi_offset 14, -4
 137 0002 86B0     		sub	sp, sp, #24
 138              		.cfi_def_cfa_offset 32
 139 0004 00AF     		add	r7, sp, #0
 140              		.cfi_def_cfa_register 7
 141 0006 7860     		str	r0, [r7, #4]
 142 0008 3960     		str	r1, [r7]
 161:Generated_Source\PSoC4/cyfitter_cfg.c **** 	/* For 32-bit little-endian architectures */
 162:Generated_Source\PSoC4/cyfitter_cfg.c **** 	uint32 i, j = 0u;
 143              		.loc 1 162 0
 144 000a 0023     		mov	r3, #0
 145 000c 3B61     		str	r3, [r7, #16]
 163:Generated_Source\PSoC4/cyfitter_cfg.c **** 	for (i = 0u; i < CY_CFG_BASE_ADDR_COUNT; i++)
 146              		.loc 1 163 0
 147 000e 0023     		mov	r3, #0
 148 0010 7B61     		str	r3, [r7, #20]
 149 0012 2FE0     		b	.L5
 150              	.L8:
 151              	.LBB2:
 164:Generated_Source\PSoC4/cyfitter_cfg.c **** 	{
 165:Generated_Source\PSoC4/cyfitter_cfg.c **** 		uint32 baseAddr = addr_table[i];
 152              		.loc 1 165 0
 153 0014 7B69     		ldr	r3, [r7, #20]
 154 0016 9B00     		lsl	r3, r3, #2
 155 0018 7A68     		ldr	r2, [r7, #4]
 156 001a D318     		add	r3, r2, r3
 157 001c 1B68     		ldr	r3, [r3]
 158 001e BB60     		str	r3, [r7, #8]
 166:Generated_Source\PSoC4/cyfitter_cfg.c **** 		uint8 count = (uint8)baseAddr;
 159              		.loc 1 166 0
 160 0020 0F23     		mov	r3, #15
 161 0022 FB18     		add	r3, r7, r3
 162 0024 BA68     		ldr	r2, [r7, #8]
 163 0026 1A70     		strb	r2, [r3]
 167:Generated_Source\PSoC4/cyfitter_cfg.c **** 		baseAddr &= 0xFFFFFF00u;
 164              		.loc 1 167 0
 165 0028 BB68     		ldr	r3, [r7, #8]
 166 002a FF22     		mov	r2, #255
 167 002c 9343     		bic	r3, r2
 168 002e BB60     		str	r3, [r7, #8]
 168:Generated_Source\PSoC4/cyfitter_cfg.c **** 		while (count != 0u)
 169              		.loc 1 168 0
 170 0030 18E0     		b	.L6
 171              	.L7:
 169:Generated_Source\PSoC4/cyfitter_cfg.c **** 		{
 170:Generated_Source\PSoC4/cyfitter_cfg.c **** 			CY_SET_XTND_REG8((void CYFAR *)(baseAddr + data_table[j].offset), data_table[j].value);
 172              		.loc 1 170 0
ARM GAS  C:\Users\IGOR~1.HOL\AppData\Local\Temp\ccDotovx.s 			page 7


 173 0032 3B69     		ldr	r3, [r7, #16]
 174 0034 5B00     		lsl	r3, r3, #1
 175 0036 3A68     		ldr	r2, [r7]
 176 0038 D318     		add	r3, r2, r3
 177 003a 1B78     		ldrb	r3, [r3]
 178 003c 1A1C     		mov	r2, r3
 179 003e BB68     		ldr	r3, [r7, #8]
 180 0040 D318     		add	r3, r2, r3
 181 0042 191C     		mov	r1, r3
 182 0044 3B69     		ldr	r3, [r7, #16]
 183 0046 5B00     		lsl	r3, r3, #1
 184 0048 3A68     		ldr	r2, [r7]
 185 004a D318     		add	r3, r2, r3
 186 004c 5B78     		ldrb	r3, [r3, #1]
 187 004e 0B70     		strb	r3, [r1]
 171:Generated_Source\PSoC4/cyfitter_cfg.c **** 			j++;
 188              		.loc 1 171 0
 189 0050 3B69     		ldr	r3, [r7, #16]
 190 0052 0133     		add	r3, r3, #1
 191 0054 3B61     		str	r3, [r7, #16]
 172:Generated_Source\PSoC4/cyfitter_cfg.c **** 			count--;
 192              		.loc 1 172 0
 193 0056 0F23     		mov	r3, #15
 194 0058 FB18     		add	r3, r7, r3
 195 005a 1A78     		ldrb	r2, [r3]
 196 005c 0F23     		mov	r3, #15
 197 005e FB18     		add	r3, r7, r3
 198 0060 013A     		sub	r2, r2, #1
 199 0062 1A70     		strb	r2, [r3]
 200              	.L6:
 168:Generated_Source\PSoC4/cyfitter_cfg.c **** 		{
 201              		.loc 1 168 0
 202 0064 0F23     		mov	r3, #15
 203 0066 FB18     		add	r3, r7, r3
 204 0068 1B78     		ldrb	r3, [r3]
 205 006a 002B     		cmp	r3, #0
 206 006c E1D1     		bne	.L7
 207              	.LBE2:
 163:Generated_Source\PSoC4/cyfitter_cfg.c **** 	{
 208              		.loc 1 163 0 discriminator 2
 209 006e 7B69     		ldr	r3, [r7, #20]
 210 0070 0133     		add	r3, r3, #1
 211 0072 7B61     		str	r3, [r7, #20]
 212              	.L5:
 163:Generated_Source\PSoC4/cyfitter_cfg.c **** 	{
 213              		.loc 1 163 0 is_stmt 0 discriminator 1
 214 0074 7B69     		ldr	r3, [r7, #20]
 215 0076 002B     		cmp	r3, #0
 216 0078 CCD0     		beq	.L8
 173:Generated_Source\PSoC4/cyfitter_cfg.c **** 		}
 174:Generated_Source\PSoC4/cyfitter_cfg.c **** 	}
 175:Generated_Source\PSoC4/cyfitter_cfg.c **** }
 217              		.loc 1 175 0 is_stmt 1
 218 007a BD46     		mov	sp, r7
 219 007c 06B0     		add	sp, sp, #24
 220              		@ sp needed
 221 007e 80BD     		pop	{r7, pc}
ARM GAS  C:\Users\IGOR~1.HOL\AppData\Local\Temp\ccDotovx.s 			page 8


 222              		.cfi_endproc
 223              	.LFE4:
 224              		.size	cfg_write_bytes32, .-cfg_write_bytes32
 225              		.section	.psocinit,"ax",%progbits
 226              		.align	2
 227              		.code	16
 228              		.thumb_func
 229              		.type	ClockSetup, %function
 230              	ClockSetup:
 231              	.LFB5:
 176:Generated_Source\PSoC4/cyfitter_cfg.c **** 
 177:Generated_Source\PSoC4/cyfitter_cfg.c **** 
 178:Generated_Source\PSoC4/cyfitter_cfg.c **** /*******************************************************************************
 179:Generated_Source\PSoC4/cyfitter_cfg.c **** * Function Name: ClockSetup
 180:Generated_Source\PSoC4/cyfitter_cfg.c **** ********************************************************************************
 181:Generated_Source\PSoC4/cyfitter_cfg.c **** *
 182:Generated_Source\PSoC4/cyfitter_cfg.c **** * Summary:
 183:Generated_Source\PSoC4/cyfitter_cfg.c **** *   Performs the initialization of all of the clocks in the device based on the
 184:Generated_Source\PSoC4/cyfitter_cfg.c **** *   settings in the Clock tab of the DWR.  This includes enabling the requested
 185:Generated_Source\PSoC4/cyfitter_cfg.c **** *   clocks and setting the necessary dividers to produce the desired frequency. 
 186:Generated_Source\PSoC4/cyfitter_cfg.c **** *
 187:Generated_Source\PSoC4/cyfitter_cfg.c **** * Parameters:
 188:Generated_Source\PSoC4/cyfitter_cfg.c **** *   void
 189:Generated_Source\PSoC4/cyfitter_cfg.c **** *
 190:Generated_Source\PSoC4/cyfitter_cfg.c **** * Return:
 191:Generated_Source\PSoC4/cyfitter_cfg.c **** *   void
 192:Generated_Source\PSoC4/cyfitter_cfg.c **** *
 193:Generated_Source\PSoC4/cyfitter_cfg.c **** *******************************************************************************/
 194:Generated_Source\PSoC4/cyfitter_cfg.c **** static void ClockSetup(void);
 195:Generated_Source\PSoC4/cyfitter_cfg.c **** CY_CFG_SECTION
 196:Generated_Source\PSoC4/cyfitter_cfg.c **** static void ClockSetup(void)
 197:Generated_Source\PSoC4/cyfitter_cfg.c **** {
 232              		.loc 1 197 0
 233              		.cfi_startproc
 234 0000 80B5     		push	{r7, lr}
 235              		.cfi_def_cfa_offset 8
 236              		.cfi_offset 7, -8
 237              		.cfi_offset 14, -4
 238 0002 00AF     		add	r7, sp, #0
 239              		.cfi_def_cfa_register 7
 198:Generated_Source\PSoC4/cyfitter_cfg.c **** 
 199:Generated_Source\PSoC4/cyfitter_cfg.c **** 	/* Set Flash Cycles based on max possible frequency in case a glitch occurs during ClockSetup(). *
 200:Generated_Source\PSoC4/cyfitter_cfg.c **** 	CY_SET_REG32((void CYXDATA *)(CYREG_CPUSS_FLASH_CTL), (0x0012u));
 240              		.loc 1 200 0
 241 0004 1A4B     		ldr	r3, .L10
 242 0006 1222     		mov	r2, #18
 243 0008 1A60     		str	r2, [r3]
 201:Generated_Source\PSoC4/cyfitter_cfg.c **** 	/* Setup and trim IMO based on desired frequency. */
 202:Generated_Source\PSoC4/cyfitter_cfg.c **** 	CySysClkWriteImoFreq(24u);
 244              		.loc 1 202 0
 245 000a 1820     		mov	r0, #24
 246 000c FFF7FEFF 		bl	CySysClkWriteImoFreq
 203:Generated_Source\PSoC4/cyfitter_cfg.c **** 	/* CYDEV_CLK_ILO_CONFIG Starting address: CYDEV_CLK_ILO_CONFIG */
 204:Generated_Source\PSoC4/cyfitter_cfg.c **** 	CY_SET_XTND_REG32((void CYFAR *)(CYREG_CLK_ILO_CONFIG), 0x80000006u);
 247              		.loc 1 204 0
 248 0010 184B     		ldr	r3, .L10+4
 249 0012 194A     		ldr	r2, .L10+8
ARM GAS  C:\Users\IGOR~1.HOL\AppData\Local\Temp\ccDotovx.s 			page 9


 250 0014 1A60     		str	r2, [r3]
 205:Generated_Source\PSoC4/cyfitter_cfg.c **** 
 206:Generated_Source\PSoC4/cyfitter_cfg.c **** 
 207:Generated_Source\PSoC4/cyfitter_cfg.c **** 	/* Setup phase aligned clocks */
 208:Generated_Source\PSoC4/cyfitter_cfg.c **** 	CY_SET_REG32((void *)CYREG_PERI_DIV_16_CTL0, 0x0000FE00u);
 251              		.loc 1 208 0
 252 0016 194B     		ldr	r3, .L10+12
 253 0018 FE22     		mov	r2, #254
 254 001a 1202     		lsl	r2, r2, #8
 255 001c 1A60     		str	r2, [r3]
 209:Generated_Source\PSoC4/cyfitter_cfg.c **** 	CY_SET_REG32((void *)CYREG_PERI_DIV_CMD, 0x8000FF40u);
 256              		.loc 1 209 0
 257 001e 184B     		ldr	r3, .L10+16
 258 0020 184A     		ldr	r2, .L10+20
 259 0022 1A60     		str	r2, [r3]
 210:Generated_Source\PSoC4/cyfitter_cfg.c **** 	CY_SET_REG32((void *)CYREG_PERI_DIV_16_CTL1, 0x0000FE00u);
 260              		.loc 1 210 0
 261 0024 184B     		ldr	r3, .L10+24
 262 0026 FE22     		mov	r2, #254
 263 0028 1202     		lsl	r2, r2, #8
 264 002a 1A60     		str	r2, [r3]
 211:Generated_Source\PSoC4/cyfitter_cfg.c **** 	CY_SET_REG32((void *)CYREG_PERI_DIV_CMD, 0x8000FF41u);
 265              		.loc 1 211 0
 266 002c 144B     		ldr	r3, .L10+16
 267 002e 174A     		ldr	r2, .L10+28
 268 0030 1A60     		str	r2, [r3]
 212:Generated_Source\PSoC4/cyfitter_cfg.c **** 	CY_SET_REG32((void *)CYREG_PERI_DIV_16_CTL2, 0x00000F00u);
 269              		.loc 1 212 0
 270 0032 174B     		ldr	r3, .L10+32
 271 0034 F022     		mov	r2, #240
 272 0036 1201     		lsl	r2, r2, #4
 273 0038 1A60     		str	r2, [r3]
 213:Generated_Source\PSoC4/cyfitter_cfg.c **** 	CY_SET_REG32((void *)CYREG_PERI_DIV_CMD, 0x8000FF42u);
 274              		.loc 1 213 0
 275 003a 114B     		ldr	r3, .L10+16
 276 003c 154A     		ldr	r2, .L10+36
 277 003e 1A60     		str	r2, [r3]
 214:Generated_Source\PSoC4/cyfitter_cfg.c **** 
 215:Generated_Source\PSoC4/cyfitter_cfg.c **** 	/* CYDEV_CLK_IMO_CONFIG Starting address: CYDEV_CLK_IMO_CONFIG */
 216:Generated_Source\PSoC4/cyfitter_cfg.c **** 	CY_SET_XTND_REG32((void CYFAR *)(CYREG_CLK_IMO_CONFIG), 0x80000000u);
 278              		.loc 1 216 0
 279 0040 154B     		ldr	r3, .L10+40
 280 0042 8022     		mov	r2, #128
 281 0044 1206     		lsl	r2, r2, #24
 282 0046 1A60     		str	r2, [r3]
 217:Generated_Source\PSoC4/cyfitter_cfg.c **** 
 218:Generated_Source\PSoC4/cyfitter_cfg.c **** 	/* CYDEV_CLK_SELECT Starting address: CYDEV_CLK_SELECT */
 219:Generated_Source\PSoC4/cyfitter_cfg.c **** 	CY_SET_XTND_REG32((void CYFAR *)(CYREG_CLK_SELECT), 0x00000000u);
 283              		.loc 1 219 0
 284 0048 144B     		ldr	r3, .L10+44
 285 004a 0022     		mov	r2, #0
 286 004c 1A60     		str	r2, [r3]
 220:Generated_Source\PSoC4/cyfitter_cfg.c **** 
 221:Generated_Source\PSoC4/cyfitter_cfg.c **** 	/* CYDEV_PERI_PCLK_CTL9 Starting address: CYDEV_PERI_PCLK_CTL9 */
 222:Generated_Source\PSoC4/cyfitter_cfg.c **** 	CY_SET_XTND_REG32((void CYFAR *)(CYREG_PERI_PCLK_CTL9), 0x00000040u);
 287              		.loc 1 222 0
 288 004e 144B     		ldr	r3, .L10+48
ARM GAS  C:\Users\IGOR~1.HOL\AppData\Local\Temp\ccDotovx.s 			page 10


 289 0050 4022     		mov	r2, #64
 290 0052 1A60     		str	r2, [r3]
 223:Generated_Source\PSoC4/cyfitter_cfg.c **** 
 224:Generated_Source\PSoC4/cyfitter_cfg.c **** 	/* CYDEV_PERI_PCLK_CTL8 Starting address: CYDEV_PERI_PCLK_CTL8 */
 225:Generated_Source\PSoC4/cyfitter_cfg.c **** 	CY_SET_XTND_REG32((void CYFAR *)(CYREG_PERI_PCLK_CTL8), 0x00000041u);
 291              		.loc 1 225 0
 292 0054 134B     		ldr	r3, .L10+52
 293 0056 4122     		mov	r2, #65
 294 0058 1A60     		str	r2, [r3]
 226:Generated_Source\PSoC4/cyfitter_cfg.c **** 
 227:Generated_Source\PSoC4/cyfitter_cfg.c **** 	/* CYDEV_PERI_PCLK_CTL5 Starting address: CYDEV_PERI_PCLK_CTL5 */
 228:Generated_Source\PSoC4/cyfitter_cfg.c **** 	CY_SET_XTND_REG32((void CYFAR *)(CYREG_PERI_PCLK_CTL5), 0x00000042u);
 295              		.loc 1 228 0
 296 005a 134B     		ldr	r3, .L10+56
 297 005c 4222     		mov	r2, #66
 298 005e 1A60     		str	r2, [r3]
 229:Generated_Source\PSoC4/cyfitter_cfg.c **** 
 230:Generated_Source\PSoC4/cyfitter_cfg.c **** 	CY_SET_XTND_REG32((void CYFAR *)(CYREG_WDT_CONFIG), 0x00000000u);
 299              		.loc 1 230 0
 300 0060 124B     		ldr	r3, .L10+60
 301 0062 0022     		mov	r2, #0
 302 0064 1A60     		str	r2, [r3]
 231:Generated_Source\PSoC4/cyfitter_cfg.c **** 	/* Set Flash Cycles based on newly configured 24.00MHz HFCLK. */
 232:Generated_Source\PSoC4/cyfitter_cfg.c **** 	CY_SET_REG32((void CYXDATA *)(CYREG_CPUSS_FLASH_CTL), (0x0011u));
 303              		.loc 1 232 0
 304 0066 024B     		ldr	r3, .L10
 305 0068 1122     		mov	r2, #17
 306 006a 1A60     		str	r2, [r3]
 233:Generated_Source\PSoC4/cyfitter_cfg.c **** }
 307              		.loc 1 233 0
 308 006c BD46     		mov	sp, r7
 309              		@ sp needed
 310 006e 80BD     		pop	{r7, pc}
 311              	.L11:
 312              		.align	2
 313              	.L10:
 314 0070 30001040 		.word	1074790448
 315 0074 04010B40 		.word	1074462980
 316 0078 06000080 		.word	-2147483642
 317 007c 00030140 		.word	1073808128
 318 0080 00000140 		.word	1073807360
 319 0084 40FF0080 		.word	-2147418304
 320 0088 04030140 		.word	1073808132
 321 008c 41FF0080 		.word	-2147418303
 322 0090 08030140 		.word	1073808136
 323 0094 42FF0080 		.word	-2147418302
 324 0098 08010B40 		.word	1074462984
 325 009c 00010B40 		.word	1074462976
 326 00a0 24010140 		.word	1073807652
 327 00a4 20010140 		.word	1073807648
 328 00a8 14010140 		.word	1073807636
 329 00ac 0C020B40 		.word	1074463244
 330              		.cfi_endproc
 331              	.LFE5:
 332              		.size	ClockSetup, .-ClockSetup
 333              		.section	.text.AnalogSetDefault,"ax",%progbits
 334              		.align	2
ARM GAS  C:\Users\IGOR~1.HOL\AppData\Local\Temp\ccDotovx.s 			page 11


 335              		.code	16
 336              		.thumb_func
 337              		.type	AnalogSetDefault, %function
 338              	AnalogSetDefault:
 339              	.LFB6:
 234:Generated_Source\PSoC4/cyfitter_cfg.c **** 
 235:Generated_Source\PSoC4/cyfitter_cfg.c **** 
 236:Generated_Source\PSoC4/cyfitter_cfg.c **** /* Analog API Functions */
 237:Generated_Source\PSoC4/cyfitter_cfg.c **** 
 238:Generated_Source\PSoC4/cyfitter_cfg.c **** 
 239:Generated_Source\PSoC4/cyfitter_cfg.c **** /*******************************************************************************
 240:Generated_Source\PSoC4/cyfitter_cfg.c **** * Function Name: AnalogSetDefault
 241:Generated_Source\PSoC4/cyfitter_cfg.c **** ********************************************************************************
 242:Generated_Source\PSoC4/cyfitter_cfg.c **** *
 243:Generated_Source\PSoC4/cyfitter_cfg.c **** * Summary:
 244:Generated_Source\PSoC4/cyfitter_cfg.c **** *  Sets up the analog portions of the chip to default values based on chip
 245:Generated_Source\PSoC4/cyfitter_cfg.c **** *  configuration options from the project.
 246:Generated_Source\PSoC4/cyfitter_cfg.c **** *
 247:Generated_Source\PSoC4/cyfitter_cfg.c **** * Parameters:
 248:Generated_Source\PSoC4/cyfitter_cfg.c **** *  void
 249:Generated_Source\PSoC4/cyfitter_cfg.c **** *
 250:Generated_Source\PSoC4/cyfitter_cfg.c **** * Return:
 251:Generated_Source\PSoC4/cyfitter_cfg.c **** *  void
 252:Generated_Source\PSoC4/cyfitter_cfg.c **** *
 253:Generated_Source\PSoC4/cyfitter_cfg.c **** *******************************************************************************/
 254:Generated_Source\PSoC4/cyfitter_cfg.c **** static void AnalogSetDefault(void);
 255:Generated_Source\PSoC4/cyfitter_cfg.c **** static void AnalogSetDefault(void)
 256:Generated_Source\PSoC4/cyfitter_cfg.c **** {
 340              		.loc 1 256 0
 341              		.cfi_startproc
 342 0000 80B5     		push	{r7, lr}
 343              		.cfi_def_cfa_offset 8
 344              		.cfi_offset 7, -8
 345              		.cfi_offset 14, -4
 346 0002 00AF     		add	r7, sp, #0
 347              		.cfi_def_cfa_register 7
 257:Generated_Source\PSoC4/cyfitter_cfg.c **** 	CY_SET_XTND_REG32((void CYFAR *)CYREG_CTBM0_DFT_CTRL, 0x00000003u);
 348              		.loc 1 257 0
 349 0004 054B     		ldr	r3, .L13
 350 0006 0322     		mov	r2, #3
 351 0008 1A60     		str	r2, [r3]
 258:Generated_Source\PSoC4/cyfitter_cfg.c **** 	CY_SET_XTND_REG32((void CYFAR *)CYREG_CTBM1_DFT_CTRL, 0x00000003u);
 352              		.loc 1 258 0
 353 000a 054B     		ldr	r3, .L13+4
 354 000c 0322     		mov	r2, #3
 355 000e 1A60     		str	r2, [r3]
 259:Generated_Source\PSoC4/cyfitter_cfg.c **** 	CY_SET_XTND_REG32((void CYFAR *)CYREG_PASS_DSAB_DSAB_CTRL, 0x00000000u);
 356              		.loc 1 259 0
 357 0010 044B     		ldr	r3, .L13+8
 358 0012 0022     		mov	r2, #0
 359 0014 1A60     		str	r2, [r3]
 260:Generated_Source\PSoC4/cyfitter_cfg.c **** }
 360              		.loc 1 260 0
 361 0016 BD46     		mov	sp, r7
 362              		@ sp needed
 363 0018 80BD     		pop	{r7, pc}
 364              	.L14:
ARM GAS  C:\Users\IGOR~1.HOL\AppData\Local\Temp\ccDotovx.s 			page 12


 365 001a C046     		.align	2
 366              	.L13:
 367 001c 30003040 		.word	1076887600
 368 0020 30003140 		.word	1076953136
 369 0024 000E3F40 		.word	1077874176
 370              		.cfi_endproc
 371              	.LFE6:
 372              		.size	AnalogSetDefault, .-AnalogSetDefault
 373              		.section	.psocinit
 374              		.align	2
 375              		.global	cyfitter_cfg
 376              		.code	16
 377              		.thumb_func
 378              		.type	cyfitter_cfg, %function
 379              	cyfitter_cfg:
 380              	.LFB7:
 261:Generated_Source\PSoC4/cyfitter_cfg.c **** 
 262:Generated_Source\PSoC4/cyfitter_cfg.c **** #define CY_AMUX_UNUSED CYREG_CM0_ROM_DWT
 263:Generated_Source\PSoC4/cyfitter_cfg.c **** 
 264:Generated_Source\PSoC4/cyfitter_cfg.c **** 
 265:Generated_Source\PSoC4/cyfitter_cfg.c **** /*******************************************************************************
 266:Generated_Source\PSoC4/cyfitter_cfg.c **** * Function Name: cyfitter_cfg
 267:Generated_Source\PSoC4/cyfitter_cfg.c **** ********************************************************************************
 268:Generated_Source\PSoC4/cyfitter_cfg.c **** * Summary:
 269:Generated_Source\PSoC4/cyfitter_cfg.c **** *  This function is called by the start-up code for the selected device. It
 270:Generated_Source\PSoC4/cyfitter_cfg.c **** *  performs all of the necessary device configuration based on the design
 271:Generated_Source\PSoC4/cyfitter_cfg.c **** *  settings.  This includes settings from the Design Wide Resources (DWR) such
 272:Generated_Source\PSoC4/cyfitter_cfg.c **** *  as Clocks and Pins as well as any component configuration that is necessary.
 273:Generated_Source\PSoC4/cyfitter_cfg.c **** *
 274:Generated_Source\PSoC4/cyfitter_cfg.c **** * Parameters:  
 275:Generated_Source\PSoC4/cyfitter_cfg.c **** *   void
 276:Generated_Source\PSoC4/cyfitter_cfg.c **** *
 277:Generated_Source\PSoC4/cyfitter_cfg.c **** * Return:
 278:Generated_Source\PSoC4/cyfitter_cfg.c **** *   void
 279:Generated_Source\PSoC4/cyfitter_cfg.c **** *
 280:Generated_Source\PSoC4/cyfitter_cfg.c **** *******************************************************************************/
 281:Generated_Source\PSoC4/cyfitter_cfg.c **** CY_CFG_SECTION
 282:Generated_Source\PSoC4/cyfitter_cfg.c **** void cyfitter_cfg(void)
 283:Generated_Source\PSoC4/cyfitter_cfg.c **** {
 381              		.loc 1 283 0
 382              		.cfi_startproc
 383 00b0 80B5     		push	{r7, lr}
 384              		.cfi_def_cfa_offset 8
 385              		.cfi_offset 7, -8
 386              		.cfi_offset 14, -4
 387 00b2 82B0     		sub	sp, sp, #8
 388              		.cfi_def_cfa_offset 16
 389 00b4 00AF     		add	r7, sp, #0
 390              		.cfi_def_cfa_register 7
 284:Generated_Source\PSoC4/cyfitter_cfg.c **** 	/* Disable interrupts by default. Let user enable if/when they want. */
 285:Generated_Source\PSoC4/cyfitter_cfg.c **** 	CyGlobalIntDisable;
 391              		.loc 1 285 0
 392              	@ 285 "Generated_Source\PSoC4\cyfitter_cfg.c" 1
 393 00b6 72B6     		CPSID   i
 394              	@ 0 "" 2
 395              		.code	16
 396              	.LBB3:
ARM GAS  C:\Users\IGOR~1.HOL\AppData\Local\Temp\ccDotovx.s 			page 13


 286:Generated_Source\PSoC4/cyfitter_cfg.c **** 
 287:Generated_Source\PSoC4/cyfitter_cfg.c **** 	{
 288:Generated_Source\PSoC4/cyfitter_cfg.c **** 		static const uint32 CYCODE cy_cfg_addr_table[] = {
 289:Generated_Source\PSoC4/cyfitter_cfg.c **** 			0x400F3002u, /* Base address: 0x400F3000 Count: 2 */
 290:Generated_Source\PSoC4/cyfitter_cfg.c **** 		};
 291:Generated_Source\PSoC4/cyfitter_cfg.c **** 
 292:Generated_Source\PSoC4/cyfitter_cfg.c **** 		static const cy_cfg_addrvalue_t CYCODE cy_cfg_data_table[] = {
 293:Generated_Source\PSoC4/cyfitter_cfg.c **** 			{0x58u, 0x04u},
 294:Generated_Source\PSoC4/cyfitter_cfg.c **** 			{0x5Fu, 0x01u},
 295:Generated_Source\PSoC4/cyfitter_cfg.c **** 		};
 296:Generated_Source\PSoC4/cyfitter_cfg.c **** 
 297:Generated_Source\PSoC4/cyfitter_cfg.c **** 
 298:Generated_Source\PSoC4/cyfitter_cfg.c **** 
 299:Generated_Source\PSoC4/cyfitter_cfg.c **** 		CYPACKED typedef struct {
 300:Generated_Source\PSoC4/cyfitter_cfg.c **** 			void CYFAR *address;
 301:Generated_Source\PSoC4/cyfitter_cfg.c **** 			uint16 size;
 302:Generated_Source\PSoC4/cyfitter_cfg.c **** 		} CYPACKED_ATTR cfg_memset_t;
 303:Generated_Source\PSoC4/cyfitter_cfg.c **** 
 304:Generated_Source\PSoC4/cyfitter_cfg.c **** 		static const cfg_memset_t CYCODE cfg_memset_list [] = {
 305:Generated_Source\PSoC4/cyfitter_cfg.c **** 			/* address, size */
 306:Generated_Source\PSoC4/cyfitter_cfg.c **** 			{(void CYFAR *)(CYDEV_UDB_P0_U0_BASE), 1024u},
 307:Generated_Source\PSoC4/cyfitter_cfg.c **** 			{(void CYFAR *)(CYDEV_UDB_DSI0_BASE), 1024u},
 308:Generated_Source\PSoC4/cyfitter_cfg.c **** 		};
 309:Generated_Source\PSoC4/cyfitter_cfg.c **** 
 310:Generated_Source\PSoC4/cyfitter_cfg.c **** 		uint8 CYDATA i;
 311:Generated_Source\PSoC4/cyfitter_cfg.c **** 
 312:Generated_Source\PSoC4/cyfitter_cfg.c **** 		/* Zero out critical memory blocks before beginning configuration */
 313:Generated_Source\PSoC4/cyfitter_cfg.c **** 		for (i = 0u; i < (sizeof(cfg_memset_list)/sizeof(cfg_memset_list[0])); i++)
 397              		.loc 1 313 0
 398 00b8 FB1D     		add	r3, r7, #7
 399 00ba 0022     		mov	r2, #0
 400 00bc 1A70     		strb	r2, [r3]
 401 00be 23E0     		b	.L16
 402              	.L17:
 403              	.LBB4:
 314:Generated_Source\PSoC4/cyfitter_cfg.c **** 		{
 315:Generated_Source\PSoC4/cyfitter_cfg.c **** 			const cfg_memset_t CYCODE * CYDATA ms = &cfg_memset_list[i];
 404              		.loc 1 315 0 discriminator 3
 405 00c0 FB1D     		add	r3, r7, #7
 406 00c2 1A78     		ldrb	r2, [r3]
 407 00c4 131C     		mov	r3, r2
 408 00c6 5B00     		lsl	r3, r3, #1
 409 00c8 9B18     		add	r3, r3, r2
 410 00ca 5B00     		lsl	r3, r3, #1
 411 00cc 334A     		ldr	r2, .L18
 412 00ce 9B18     		add	r3, r3, r2
 413 00d0 3B60     		str	r3, [r7]
 316:Generated_Source\PSoC4/cyfitter_cfg.c **** 			CYMEMZERO(ms->address, (size_t)(uint32)(ms->size));
 414              		.loc 1 316 0 discriminator 3
 415 00d2 3B68     		ldr	r3, [r7]
 416 00d4 1A78     		ldrb	r2, [r3]
 417 00d6 5978     		ldrb	r1, [r3, #1]
 418 00d8 0902     		lsl	r1, r1, #8
 419 00da 0A43     		orr	r2, r1
 420 00dc 9978     		ldrb	r1, [r3, #2]
 421 00de 0904     		lsl	r1, r1, #16
 422 00e0 0A43     		orr	r2, r1
ARM GAS  C:\Users\IGOR~1.HOL\AppData\Local\Temp\ccDotovx.s 			page 14


 423 00e2 DB78     		ldrb	r3, [r3, #3]
 424 00e4 1B06     		lsl	r3, r3, #24
 425 00e6 1343     		orr	r3, r2
 426 00e8 191C     		mov	r1, r3
 427 00ea 3B68     		ldr	r3, [r7]
 428 00ec 1A79     		ldrb	r2, [r3, #4]
 429 00ee 5B79     		ldrb	r3, [r3, #5]
 430 00f0 1B02     		lsl	r3, r3, #8
 431 00f2 1343     		orr	r3, r2
 432 00f4 9BB2     		uxth	r3, r3
 433 00f6 081C     		mov	r0, r1
 434 00f8 191C     		mov	r1, r3
 435 00fa FFF7FEFF 		bl	CYMEMZERO
 436              	.LBE4:
 313:Generated_Source\PSoC4/cyfitter_cfg.c **** 		{
 437              		.loc 1 313 0 discriminator 3
 438 00fe FB1D     		add	r3, r7, #7
 439 0100 1A78     		ldrb	r2, [r3]
 440 0102 FB1D     		add	r3, r7, #7
 441 0104 0132     		add	r2, r2, #1
 442 0106 1A70     		strb	r2, [r3]
 443              	.L16:
 313:Generated_Source\PSoC4/cyfitter_cfg.c **** 		{
 444              		.loc 1 313 0 is_stmt 0 discriminator 1
 445 0108 FB1D     		add	r3, r7, #7
 446 010a 1B78     		ldrb	r3, [r3]
 447 010c 012B     		cmp	r3, #1
 448 010e D7D9     		bls	.L17
 317:Generated_Source\PSoC4/cyfitter_cfg.c **** 		}
 318:Generated_Source\PSoC4/cyfitter_cfg.c **** 
 319:Generated_Source\PSoC4/cyfitter_cfg.c **** 		cfg_write_bytes32(cy_cfg_addr_table, cy_cfg_data_table);
 449              		.loc 1 319 0 is_stmt 1
 450 0110 234A     		ldr	r2, .L18+4
 451 0112 244B     		ldr	r3, .L18+8
 452 0114 101C     		mov	r0, r2
 453 0116 191C     		mov	r1, r3
 454 0118 FFF7FEFF 		bl	cfg_write_bytes32
 320:Generated_Source\PSoC4/cyfitter_cfg.c **** 
 321:Generated_Source\PSoC4/cyfitter_cfg.c **** 		/* HSIOM Starting address: CYDEV_HSIOM_BASE */
 322:Generated_Source\PSoC4/cyfitter_cfg.c **** 		CY_SET_XTND_REG32((void CYFAR *)(CYREG_HSIOM_PORT_SEL3), 0x0000EE00u);
 455              		.loc 1 322 0
 456 011c 224B     		ldr	r3, .L18+12
 457 011e EE22     		mov	r2, #238
 458 0120 1202     		lsl	r2, r2, #8
 459 0122 1A60     		str	r2, [r3]
 323:Generated_Source\PSoC4/cyfitter_cfg.c **** 		CY_SET_XTND_REG32((void CYFAR *)(CYREG_HSIOM_PORT_SEL7), 0x00000099u);
 460              		.loc 1 323 0
 461 0124 214B     		ldr	r3, .L18+16
 462 0126 9922     		mov	r2, #153
 463 0128 1A60     		str	r2, [r3]
 324:Generated_Source\PSoC4/cyfitter_cfg.c **** 
 325:Generated_Source\PSoC4/cyfitter_cfg.c **** 		/* UDB_PA_3 Starting address: CYDEV_UDB_PA3_BASE */
 326:Generated_Source\PSoC4/cyfitter_cfg.c **** 		CY_SET_XTND_REG32((void CYFAR *)(CYDEV_UDB_PA3_BASE), 0x00990000u);
 464              		.loc 1 326 0
 465 012a 214B     		ldr	r3, .L18+20
 466 012c 9922     		mov	r2, #153
 467 012e 1204     		lsl	r2, r2, #16
ARM GAS  C:\Users\IGOR~1.HOL\AppData\Local\Temp\ccDotovx.s 			page 15


 468 0130 1A60     		str	r2, [r3]
 327:Generated_Source\PSoC4/cyfitter_cfg.c **** 
 328:Generated_Source\PSoC4/cyfitter_cfg.c **** 		/* Enable digital routing */
 329:Generated_Source\PSoC4/cyfitter_cfg.c **** 		CY_SET_XTND_REG8((void *)CYREG_UDB_UDBIF_BANK_CTL, CY_GET_XTND_REG8((void *)CYREG_UDB_UDBIF_BANK_
 469              		.loc 1 329 0
 470 0132 204A     		ldr	r2, .L18+24
 471 0134 1F4B     		ldr	r3, .L18+24
 472 0136 1B78     		ldrb	r3, [r3]
 473 0138 DBB2     		uxtb	r3, r3
 474 013a 0221     		mov	r1, #2
 475 013c 0B43     		orr	r3, r1
 476 013e DBB2     		uxtb	r3, r3
 477 0140 1370     		strb	r3, [r2]
 330:Generated_Source\PSoC4/cyfitter_cfg.c **** 
 331:Generated_Source\PSoC4/cyfitter_cfg.c **** 		/* Enable UDB array */
 332:Generated_Source\PSoC4/cyfitter_cfg.c **** 		CY_SET_XTND_REG8((void *)CYREG_UDB_UDBIF_WAIT_CFG, (uint8)((CY_GET_XTND_REG8((void *)CYREG_UDB_UD
 478              		.loc 1 332 0
 479 0142 1D4A     		ldr	r2, .L18+28
 480 0144 1C4B     		ldr	r3, .L18+28
 481 0146 1B78     		ldrb	r3, [r3]
 482 0148 DBB2     		uxtb	r3, r3
 483 014a 3C21     		mov	r1, #60
 484 014c 8B43     		bic	r3, r1
 485 014e DBB2     		uxtb	r3, r3
 486 0150 1421     		mov	r1, #20
 487 0152 0B43     		orr	r3, r1
 488 0154 DBB2     		uxtb	r3, r3
 489 0156 1370     		strb	r3, [r2]
 333:Generated_Source\PSoC4/cyfitter_cfg.c **** 		CY_SET_XTND_REG8((void *)CYREG_UDB_UDBIF_BANK_CTL, (uint8)(CY_GET_XTND_REG8((void *)CYREG_UDB_UDB
 490              		.loc 1 333 0
 491 0158 164A     		ldr	r2, .L18+24
 492 015a 164B     		ldr	r3, .L18+24
 493 015c 1B78     		ldrb	r3, [r3]
 494 015e DBB2     		uxtb	r3, r3
 495 0160 1621     		mov	r1, #22
 496 0162 0B43     		orr	r3, r1
 497 0164 DBB2     		uxtb	r3, r3
 498 0166 1370     		strb	r3, [r2]
 499              	.LBE3:
 334:Generated_Source\PSoC4/cyfitter_cfg.c **** 	}
 335:Generated_Source\PSoC4/cyfitter_cfg.c **** 
 336:Generated_Source\PSoC4/cyfitter_cfg.c **** 	/* Perform second pass device configuration. These items must be configured in specific order afte
 337:Generated_Source\PSoC4/cyfitter_cfg.c **** 	/* IOPINS0_3 Starting address: CYDEV_GPIO_PRT3_BASE */
 338:Generated_Source\PSoC4/cyfitter_cfg.c **** 	CY_SET_XTND_REG32((void CYFAR *)(CYREG_GPIO_PRT3_PC), 0x00000D80u);
 500              		.loc 1 338 0
 501 0168 144B     		ldr	r3, .L18+32
 502 016a D822     		mov	r2, #216
 503 016c 1201     		lsl	r2, r2, #4
 504 016e 1A60     		str	r2, [r3]
 339:Generated_Source\PSoC4/cyfitter_cfg.c **** 
 340:Generated_Source\PSoC4/cyfitter_cfg.c **** 	/* IOPINS0_5 Starting address: CYDEV_GPIO_PRT5_BASE */
 341:Generated_Source\PSoC4/cyfitter_cfg.c **** 	CY_SET_XTND_REG32((void CYFAR *)(CYDEV_GPIO_PRT5_BASE), 0x00000005u);
 505              		.loc 1 341 0
 506 0170 134B     		ldr	r3, .L18+36
 507 0172 0522     		mov	r2, #5
 508 0174 1A60     		str	r2, [r3]
 342:Generated_Source\PSoC4/cyfitter_cfg.c **** 	CY_SET_XTND_REG32((void CYFAR *)(CYREG_GPIO_PRT5_PC2), 0x00000005u);
ARM GAS  C:\Users\IGOR~1.HOL\AppData\Local\Temp\ccDotovx.s 			page 16


 509              		.loc 1 342 0
 510 0176 134B     		ldr	r3, .L18+40
 511 0178 0522     		mov	r2, #5
 512 017a 1A60     		str	r2, [r3]
 343:Generated_Source\PSoC4/cyfitter_cfg.c **** 
 344:Generated_Source\PSoC4/cyfitter_cfg.c **** 	/* IOPINS0_7 Starting address: CYDEV_GPIO_PRT7_BASE */
 345:Generated_Source\PSoC4/cyfitter_cfg.c **** 	CY_SET_XTND_REG32((void CYFAR *)(CYDEV_GPIO_PRT7_BASE), 0x00000002u);
 513              		.loc 1 345 0
 514 017c 124B     		ldr	r3, .L18+44
 515 017e 0222     		mov	r2, #2
 516 0180 1A60     		str	r2, [r3]
 346:Generated_Source\PSoC4/cyfitter_cfg.c **** 	CY_SET_XTND_REG32((void CYFAR *)(CYREG_GPIO_PRT7_PC), 0x00000031u);
 517              		.loc 1 346 0
 518 0182 124B     		ldr	r3, .L18+48
 519 0184 3122     		mov	r2, #49
 520 0186 1A60     		str	r2, [r3]
 347:Generated_Source\PSoC4/cyfitter_cfg.c **** 	CY_SET_XTND_REG32((void CYFAR *)(CYREG_GPIO_PRT7_PC2), 0x00000002u);
 521              		.loc 1 347 0
 522 0188 114B     		ldr	r3, .L18+52
 523 018a 0222     		mov	r2, #2
 524 018c 1A60     		str	r2, [r3]
 348:Generated_Source\PSoC4/cyfitter_cfg.c **** 
 349:Generated_Source\PSoC4/cyfitter_cfg.c **** 
 350:Generated_Source\PSoC4/cyfitter_cfg.c **** 	/* Setup clocks based on selections from Clock DWR */
 351:Generated_Source\PSoC4/cyfitter_cfg.c **** 	ClockSetup();
 525              		.loc 1 351 0
 526 018e FFF737FF 		bl	ClockSetup
 352:Generated_Source\PSoC4/cyfitter_cfg.c **** 
 353:Generated_Source\PSoC4/cyfitter_cfg.c **** 	/* Perform basic analog initialization to defaults */
 354:Generated_Source\PSoC4/cyfitter_cfg.c **** 	AnalogSetDefault();
 527              		.loc 1 354 0
 528 0192 FFF7FEFF 		bl	AnalogSetDefault
 355:Generated_Source\PSoC4/cyfitter_cfg.c **** 
 356:Generated_Source\PSoC4/cyfitter_cfg.c **** }
 529              		.loc 1 356 0
 530 0196 BD46     		mov	sp, r7
 531 0198 02B0     		add	sp, sp, #8
 532              		@ sp needed
 533 019a 80BD     		pop	{r7, pc}
 534              	.L19:
 535              		.align	2
 536              	.L18:
 537 019c 00000000 		.word	cfg_memset_list.4789
 538 01a0 0C000000 		.word	cy_cfg_addr_table.4783
 539 01a4 10000000 		.word	cy_cfg_data_table.4784
 540 01a8 00030240 		.word	1073873664
 541 01ac 00070240 		.word	1073874688
 542 01b0 30500F40 		.word	1074745392
 543 01b4 00700F40 		.word	1074753536
 544 01b8 01700F40 		.word	1074753537
 545 01bc 08030440 		.word	1074004744
 546 01c0 00050440 		.word	1074005248
 547 01c4 18050440 		.word	1074005272
 548 01c8 00070440 		.word	1074005760
 549 01cc 08070440 		.word	1074005768
 550 01d0 18070440 		.word	1074005784
 551              		.cfi_endproc
ARM GAS  C:\Users\IGOR~1.HOL\AppData\Local\Temp\ccDotovx.s 			page 17


 552              	.LFE7:
 553              		.size	cyfitter_cfg, .-cyfitter_cfg
 554              		.section	.rodata
 555              		.align	2
 556              		.type	cfg_memset_list.4789, %object
 557              		.size	cfg_memset_list.4789, 12
 558              	cfg_memset_list.4789:
 559 0000 00300F40 		.word	1074737152
 560 0004 0004     		.short	1024
 561 0006 00400F40 		.4byte	1074741248
 562 000a 0004     		.short	1024
 563              		.align	2
 564              		.type	cy_cfg_addr_table.4783, %object
 565              		.size	cy_cfg_addr_table.4783, 4
 566              	cy_cfg_addr_table.4783:
 567 000c 02300F40 		.word	1074737154
 568              		.align	2
 569              		.type	cy_cfg_data_table.4784, %object
 570              		.size	cy_cfg_data_table.4784, 4
 571              	cy_cfg_data_table.4784:
 572 0010 58       		.byte	88
 573 0011 04       		.byte	4
 574 0012 5F       		.byte	95
 575 0013 01       		.byte	1
 576              		.text
 577              	.Letext0:
 578              		.file 2 "c:\\program files (x86)\\cypress\\psoc creator\\4.0\\psoc creator\\import\\gnu\\arm\\4.9.
 579              		.file 3 "Generated_Source\\PSoC4\\cytypes.h"
 580              		.section	.debug_info,"",%progbits
 581              	.Ldebug_info0:
 582 0000 52030000 		.4byte	0x352
 583 0004 0400     		.2byte	0x4
 584 0006 00000000 		.4byte	.Ldebug_abbrev0
 585 000a 04       		.byte	0x4
 586 000b 01       		.uleb128 0x1
 587 000c F8000000 		.4byte	.LASF39
 588 0010 01       		.byte	0x1
 589 0011 7F020000 		.4byte	.LASF40
 590 0015 B2010000 		.4byte	.LASF41
 591 0019 00000000 		.4byte	.Ldebug_ranges0+0
 592 001d 00000000 		.4byte	0
 593 0021 00000000 		.4byte	.Ldebug_line0
 594 0025 02       		.uleb128 0x2
 595 0026 04       		.byte	0x4
 596 0027 05       		.byte	0x5
 597 0028 696E7400 		.ascii	"int\000"
 598 002c 03       		.uleb128 0x3
 599 002d 06000000 		.4byte	.LASF11
 600 0031 02       		.byte	0x2
 601 0032 D4       		.byte	0xd4
 602 0033 37000000 		.4byte	0x37
 603 0037 04       		.uleb128 0x4
 604 0038 04       		.byte	0x4
 605 0039 07       		.byte	0x7
 606 003a 86010000 		.4byte	.LASF0
 607 003e 04       		.uleb128 0x4
 608 003f 01       		.byte	0x1
ARM GAS  C:\Users\IGOR~1.HOL\AppData\Local\Temp\ccDotovx.s 			page 18


 609 0040 06       		.byte	0x6
 610 0041 73020000 		.4byte	.LASF1
 611 0045 04       		.uleb128 0x4
 612 0046 01       		.byte	0x1
 613 0047 08       		.byte	0x8
 614 0048 A0000000 		.4byte	.LASF2
 615 004c 04       		.uleb128 0x4
 616 004d 02       		.byte	0x2
 617 004e 05       		.byte	0x5
 618 004f 60020000 		.4byte	.LASF3
 619 0053 04       		.uleb128 0x4
 620 0054 02       		.byte	0x2
 621 0055 07       		.byte	0x7
 622 0056 20020000 		.4byte	.LASF4
 623 005a 04       		.uleb128 0x4
 624 005b 04       		.byte	0x4
 625 005c 05       		.byte	0x5
 626 005d 6A020000 		.4byte	.LASF5
 627 0061 04       		.uleb128 0x4
 628 0062 04       		.byte	0x4
 629 0063 07       		.byte	0x7
 630 0064 7E000000 		.4byte	.LASF6
 631 0068 04       		.uleb128 0x4
 632 0069 08       		.byte	0x8
 633 006a 05       		.byte	0x5
 634 006b 33020000 		.4byte	.LASF7
 635 006f 04       		.uleb128 0x4
 636 0070 08       		.byte	0x8
 637 0071 07       		.byte	0x7
 638 0072 9B010000 		.4byte	.LASF8
 639 0076 04       		.uleb128 0x4
 640 0077 04       		.byte	0x4
 641 0078 07       		.byte	0x7
 642 0079 17020000 		.4byte	.LASF9
 643 007d 05       		.uleb128 0x5
 644 007e 04       		.byte	0x4
 645 007f 04       		.uleb128 0x4
 646 0080 01       		.byte	0x1
 647 0081 08       		.byte	0x8
 648 0082 41020000 		.4byte	.LASF10
 649 0086 06       		.uleb128 0x6
 650 0087 90000000 		.4byte	.LASF12
 651 008b 03       		.byte	0x3
 652 008c B901     		.2byte	0x1b9
 653 008e 45000000 		.4byte	0x45
 654 0092 06       		.uleb128 0x6
 655 0093 DF000000 		.4byte	.LASF13
 656 0097 03       		.byte	0x3
 657 0098 BA01     		.2byte	0x1ba
 658 009a 53000000 		.4byte	0x53
 659 009e 06       		.uleb128 0x6
 660 009f F1000000 		.4byte	.LASF14
 661 00a3 03       		.byte	0x3
 662 00a4 BB01     		.2byte	0x1bb
 663 00a6 61000000 		.4byte	0x61
 664 00aa 04       		.uleb128 0x4
 665 00ab 04       		.byte	0x4
ARM GAS  C:\Users\IGOR~1.HOL\AppData\Local\Temp\ccDotovx.s 			page 19


 666 00ac 04       		.byte	0x4
 667 00ad 59000000 		.4byte	.LASF15
 668 00b1 04       		.uleb128 0x4
 669 00b2 08       		.byte	0x8
 670 00b3 04       		.byte	0x4
 671 00b4 AE000000 		.4byte	.LASF16
 672 00b8 06       		.uleb128 0x6
 673 00b9 79000000 		.4byte	.LASF17
 674 00bd 03       		.byte	0x3
 675 00be 6302     		.2byte	0x263
 676 00c0 C4000000 		.4byte	0xc4
 677 00c4 07       		.uleb128 0x7
 678 00c5 86000000 		.4byte	0x86
 679 00c9 06       		.uleb128 0x6
 680 00ca 00000000 		.4byte	.LASF18
 681 00ce 03       		.byte	0x3
 682 00cf 6502     		.2byte	0x265
 683 00d1 D5000000 		.4byte	0xd5
 684 00d5 07       		.uleb128 0x7
 685 00d6 9E000000 		.4byte	0x9e
 686 00da 08       		.uleb128 0x8
 687 00db 02       		.byte	0x2
 688 00dc 01       		.byte	0x1
 689 00dd 88       		.byte	0x88
 690 00de FB000000 		.4byte	0xfb
 691 00e2 09       		.uleb128 0x9
 692 00e3 59020000 		.4byte	.LASF19
 693 00e7 01       		.byte	0x1
 694 00e8 8A       		.byte	0x8a
 695 00e9 86000000 		.4byte	0x86
 696 00ed 00       		.byte	0
 697 00ee 09       		.uleb128 0x9
 698 00ef 1E000000 		.4byte	.LASF20
 699 00f3 01       		.byte	0x1
 700 00f4 8B       		.byte	0x8b
 701 00f5 86000000 		.4byte	0x86
 702 00f9 01       		.byte	0x1
 703 00fa 00       		.byte	0
 704 00fb 03       		.uleb128 0x3
 705 00fc 46020000 		.4byte	.LASF21
 706 0100 01       		.byte	0x1
 707 0101 8C       		.byte	0x8c
 708 0102 DA000000 		.4byte	0xda
 709 0106 0A       		.uleb128 0xa
 710 0107 96000000 		.4byte	.LASF22
 711 010b 01       		.byte	0x1
 712 010c 3D       		.byte	0x3d
 713 010d 00000000 		.4byte	.LFB1
 714 0111 1E000000 		.4byte	.LFE1-.LFB1
 715 0115 01       		.uleb128 0x1
 716 0116 9C       		.byte	0x9c
 717 0117 34010000 		.4byte	0x134
 718 011b 0B       		.uleb128 0xb
 719 011c 7300     		.ascii	"s\000"
 720 011e 01       		.byte	0x1
 721 011f 3D       		.byte	0x3d
 722 0120 7D000000 		.4byte	0x7d
ARM GAS  C:\Users\IGOR~1.HOL\AppData\Local\Temp\ccDotovx.s 			page 20


 723 0124 02       		.uleb128 0x2
 724 0125 91       		.byte	0x91
 725 0126 74       		.sleb128 -12
 726 0127 0B       		.uleb128 0xb
 727 0128 6E00     		.ascii	"n\000"
 728 012a 01       		.byte	0x1
 729 012b 3D       		.byte	0x3d
 730 012c 2C000000 		.4byte	0x2c
 731 0130 02       		.uleb128 0x2
 732 0131 91       		.byte	0x91
 733 0132 70       		.sleb128 -16
 734 0133 00       		.byte	0
 735 0134 0A       		.uleb128 0xa
 736 0135 B5020000 		.4byte	.LASF23
 737 0139 01       		.byte	0x1
 738 013a 44       		.byte	0x44
 739 013b 00000000 		.4byte	.LFB2
 740 013f 22000000 		.4byte	.LFE2-.LFB2
 741 0143 01       		.uleb128 0x1
 742 0144 9C       		.byte	0x9c
 743 0145 72010000 		.4byte	0x172
 744 0149 0C       		.uleb128 0xc
 745 014a 5F000000 		.4byte	.LASF24
 746 014e 01       		.byte	0x1
 747 014f 44       		.byte	0x44
 748 0150 7D000000 		.4byte	0x7d
 749 0154 02       		.uleb128 0x2
 750 0155 91       		.byte	0x91
 751 0156 74       		.sleb128 -12
 752 0157 0B       		.uleb128 0xb
 753 0158 73726300 		.ascii	"src\000"
 754 015c 01       		.byte	0x1
 755 015d 44       		.byte	0x44
 756 015e 72010000 		.4byte	0x172
 757 0162 02       		.uleb128 0x2
 758 0163 91       		.byte	0x91
 759 0164 70       		.sleb128 -16
 760 0165 0B       		.uleb128 0xb
 761 0166 6E00     		.ascii	"n\000"
 762 0168 01       		.byte	0x1
 763 0169 44       		.byte	0x44
 764 016a 2C000000 		.4byte	0x2c
 765 016e 02       		.uleb128 0x2
 766 016f 91       		.byte	0x91
 767 0170 6C       		.sleb128 -20
 768 0171 00       		.byte	0
 769 0172 0D       		.uleb128 0xd
 770 0173 04       		.byte	0x4
 771 0174 78010000 		.4byte	0x178
 772 0178 0E       		.uleb128 0xe
 773 0179 0A       		.uleb128 0xa
 774 017a A5020000 		.4byte	.LASF25
 775 017e 01       		.byte	0x1
 776 017f 4B       		.byte	0x4b
 777 0180 00000000 		.4byte	.LFB3
 778 0184 22000000 		.4byte	.LFE3-.LFB3
 779 0188 01       		.uleb128 0x1
ARM GAS  C:\Users\IGOR~1.HOL\AppData\Local\Temp\ccDotovx.s 			page 21


 780 0189 9C       		.byte	0x9c
 781 018a B7010000 		.4byte	0x1b7
 782 018e 0C       		.uleb128 0xc
 783 018f 5F000000 		.4byte	.LASF24
 784 0193 01       		.byte	0x1
 785 0194 4B       		.byte	0x4b
 786 0195 7D000000 		.4byte	0x7d
 787 0199 02       		.uleb128 0x2
 788 019a 91       		.byte	0x91
 789 019b 74       		.sleb128 -12
 790 019c 0B       		.uleb128 0xb
 791 019d 73726300 		.ascii	"src\000"
 792 01a1 01       		.byte	0x1
 793 01a2 4B       		.byte	0x4b
 794 01a3 72010000 		.4byte	0x172
 795 01a7 02       		.uleb128 0x2
 796 01a8 91       		.byte	0x91
 797 01a9 70       		.sleb128 -16
 798 01aa 0B       		.uleb128 0xb
 799 01ab 6E00     		.ascii	"n\000"
 800 01ad 01       		.byte	0x1
 801 01ae 4B       		.byte	0x4b
 802 01af 2C000000 		.4byte	0x2c
 803 01b3 02       		.uleb128 0x2
 804 01b4 91       		.byte	0x91
 805 01b5 6C       		.sleb128 -20
 806 01b6 00       		.byte	0
 807 01b7 0F       		.uleb128 0xf
 808 01b8 B5000000 		.4byte	.LASF26
 809 01bc 01       		.byte	0x1
 810 01bd 9F       		.byte	0x9f
 811 01be 00000000 		.4byte	.LFB4
 812 01c2 80000000 		.4byte	.LFE4-.LFB4
 813 01c6 01       		.uleb128 0x1
 814 01c7 9C       		.byte	0x9c
 815 01c8 27020000 		.4byte	0x227
 816 01cc 0C       		.uleb128 0xc
 817 01cd D4000000 		.4byte	.LASF27
 818 01d1 01       		.byte	0x1
 819 01d2 9F       		.byte	0x9f
 820 01d3 27020000 		.4byte	0x227
 821 01d7 02       		.uleb128 0x2
 822 01d8 91       		.byte	0x91
 823 01d9 64       		.sleb128 -28
 824 01da 0C       		.uleb128 0xc
 825 01db E6000000 		.4byte	.LASF28
 826 01df 01       		.byte	0x1
 827 01e0 9F       		.byte	0x9f
 828 01e1 32020000 		.4byte	0x232
 829 01e5 02       		.uleb128 0x2
 830 01e6 91       		.byte	0x91
 831 01e7 60       		.sleb128 -32
 832 01e8 10       		.uleb128 0x10
 833 01e9 6900     		.ascii	"i\000"
 834 01eb 01       		.byte	0x1
 835 01ec A2       		.byte	0xa2
 836 01ed 9E000000 		.4byte	0x9e
ARM GAS  C:\Users\IGOR~1.HOL\AppData\Local\Temp\ccDotovx.s 			page 22


 837 01f1 02       		.uleb128 0x2
 838 01f2 91       		.byte	0x91
 839 01f3 74       		.sleb128 -12
 840 01f4 10       		.uleb128 0x10
 841 01f5 6A00     		.ascii	"j\000"
 842 01f7 01       		.byte	0x1
 843 01f8 A2       		.byte	0xa2
 844 01f9 9E000000 		.4byte	0x9e
 845 01fd 02       		.uleb128 0x2
 846 01fe 91       		.byte	0x91
 847 01ff 70       		.sleb128 -16
 848 0200 11       		.uleb128 0x11
 849 0201 14000000 		.4byte	.LBB2
 850 0205 5A000000 		.4byte	.LBE2-.LBB2
 851 0209 12       		.uleb128 0x12
 852 020a 0E020000 		.4byte	.LASF29
 853 020e 01       		.byte	0x1
 854 020f A5       		.byte	0xa5
 855 0210 9E000000 		.4byte	0x9e
 856 0214 02       		.uleb128 0x2
 857 0215 91       		.byte	0x91
 858 0216 68       		.sleb128 -24
 859 0217 12       		.uleb128 0x12
 860 0218 24000000 		.4byte	.LASF30
 861 021c 01       		.byte	0x1
 862 021d A6       		.byte	0xa6
 863 021e 86000000 		.4byte	0x86
 864 0222 02       		.uleb128 0x2
 865 0223 91       		.byte	0x91
 866 0224 6F       		.sleb128 -17
 867 0225 00       		.byte	0
 868 0226 00       		.byte	0
 869 0227 0D       		.uleb128 0xd
 870 0228 04       		.byte	0x4
 871 0229 2D020000 		.4byte	0x22d
 872 022d 13       		.uleb128 0x13
 873 022e 9E000000 		.4byte	0x9e
 874 0232 0D       		.uleb128 0xd
 875 0233 04       		.byte	0x4
 876 0234 38020000 		.4byte	0x238
 877 0238 13       		.uleb128 0x13
 878 0239 FB000000 		.4byte	0xfb
 879 023d 14       		.uleb128 0x14
 880 023e 2A000000 		.4byte	.LASF31
 881 0242 01       		.byte	0x1
 882 0243 C4       		.byte	0xc4
 883 0244 00000000 		.4byte	.LFB5
 884 0248 B0000000 		.4byte	.LFE5-.LFB5
 885 024c 01       		.uleb128 0x1
 886 024d 9C       		.byte	0x9c
 887 024e 15       		.uleb128 0x15
 888 024f 0D000000 		.4byte	.LASF32
 889 0253 01       		.byte	0x1
 890 0254 FF       		.byte	0xff
 891 0255 00000000 		.4byte	.LFB6
 892 0259 28000000 		.4byte	.LFE6-.LFB6
 893 025d 01       		.uleb128 0x1
ARM GAS  C:\Users\IGOR~1.HOL\AppData\Local\Temp\ccDotovx.s 			page 23


 894 025e 9C       		.byte	0x9c
 895 025f 16       		.uleb128 0x16
 896 0260 C7000000 		.4byte	.LASF42
 897 0264 01       		.byte	0x1
 898 0265 1A01     		.2byte	0x11a
 899 0267 B0000000 		.4byte	.LFB7
 900 026b 24010000 		.4byte	.LFE7-.LFB7
 901 026f 01       		.uleb128 0x1
 902 0270 9C       		.byte	0x9c
 903 0271 2B030000 		.4byte	0x32b
 904 0275 11       		.uleb128 0x11
 905 0276 B8000000 		.4byte	.LBB3
 906 027a B0000000 		.4byte	.LBE3-.LBB3
 907 027e 17       		.uleb128 0x17
 908 027f 35000000 		.4byte	.LASF33
 909 0283 01       		.byte	0x1
 910 0284 2001     		.2byte	0x120
 911 0286 3B030000 		.4byte	0x33b
 912 028a 05       		.uleb128 0x5
 913 028b 03       		.byte	0x3
 914 028c 0C000000 		.4byte	cy_cfg_addr_table.4783
 915 0290 17       		.uleb128 0x17
 916 0291 47000000 		.4byte	.LASF34
 917 0295 01       		.byte	0x1
 918 0296 2401     		.2byte	0x124
 919 0298 50030000 		.4byte	0x350
 920 029c 05       		.uleb128 0x5
 921 029d 03       		.byte	0x3
 922 029e 10000000 		.4byte	cy_cfg_data_table.4784
 923 02a2 18       		.uleb128 0x18
 924 02a3 06       		.byte	0x6
 925 02a4 01       		.byte	0x1
 926 02a5 2B01     		.2byte	0x12b
 927 02a7 C6020000 		.4byte	0x2c6
 928 02ab 19       		.uleb128 0x19
 929 02ac 93010000 		.4byte	.LASF35
 930 02b0 01       		.byte	0x1
 931 02b1 2C01     		.2byte	0x12c
 932 02b3 7D000000 		.4byte	0x7d
 933 02b7 00       		.byte	0
 934 02b8 19       		.uleb128 0x19
 935 02b9 74000000 		.4byte	.LASF36
 936 02bd 01       		.byte	0x1
 937 02be 2D01     		.2byte	0x12d
 938 02c0 92000000 		.4byte	0x92
 939 02c4 04       		.byte	0x4
 940 02c5 00       		.byte	0
 941 02c6 06       		.uleb128 0x6
 942 02c7 01020000 		.4byte	.LASF37
 943 02cb 01       		.byte	0x1
 944 02cc 2E01     		.2byte	0x12e
 945 02ce A2020000 		.4byte	0x2a2
 946 02d2 1A       		.uleb128 0x1a
 947 02d3 C6020000 		.4byte	0x2c6
 948 02d7 E2020000 		.4byte	0x2e2
 949 02db 1B       		.uleb128 0x1b
 950 02dc 76000000 		.4byte	0x76
ARM GAS  C:\Users\IGOR~1.HOL\AppData\Local\Temp\ccDotovx.s 			page 24


 951 02e0 01       		.byte	0x1
 952 02e1 00       		.byte	0
 953 02e2 17       		.uleb128 0x17
 954 02e3 64000000 		.4byte	.LASF38
 955 02e7 01       		.byte	0x1
 956 02e8 3001     		.2byte	0x130
 957 02ea F4020000 		.4byte	0x2f4
 958 02ee 05       		.uleb128 0x5
 959 02ef 03       		.byte	0x3
 960 02f0 00000000 		.4byte	cfg_memset_list.4789
 961 02f4 13       		.uleb128 0x13
 962 02f5 D2020000 		.4byte	0x2d2
 963 02f9 1C       		.uleb128 0x1c
 964 02fa 6900     		.ascii	"i\000"
 965 02fc 01       		.byte	0x1
 966 02fd 3601     		.2byte	0x136
 967 02ff 86000000 		.4byte	0x86
 968 0303 02       		.uleb128 0x2
 969 0304 91       		.byte	0x91
 970 0305 77       		.sleb128 -9
 971 0306 11       		.uleb128 0x11
 972 0307 C0000000 		.4byte	.LBB4
 973 030b 3E000000 		.4byte	.LBE4-.LBB4
 974 030f 1C       		.uleb128 0x1c
 975 0310 6D7300   		.ascii	"ms\000"
 976 0313 01       		.byte	0x1
 977 0314 3B01     		.2byte	0x13b
 978 0316 1D030000 		.4byte	0x31d
 979 031a 02       		.uleb128 0x2
 980 031b 91       		.byte	0x91
 981 031c 70       		.sleb128 -16
 982 031d 0D       		.uleb128 0xd
 983 031e 04       		.byte	0x4
 984 031f 23030000 		.4byte	0x323
 985 0323 13       		.uleb128 0x13
 986 0324 C6020000 		.4byte	0x2c6
 987 0328 00       		.byte	0
 988 0329 00       		.byte	0
 989 032a 00       		.byte	0
 990 032b 1A       		.uleb128 0x1a
 991 032c 9E000000 		.4byte	0x9e
 992 0330 3B030000 		.4byte	0x33b
 993 0334 1B       		.uleb128 0x1b
 994 0335 76000000 		.4byte	0x76
 995 0339 00       		.byte	0
 996 033a 00       		.byte	0
 997 033b 13       		.uleb128 0x13
 998 033c 2B030000 		.4byte	0x32b
 999 0340 1A       		.uleb128 0x1a
 1000 0341 FB000000 		.4byte	0xfb
 1001 0345 50030000 		.4byte	0x350
 1002 0349 1B       		.uleb128 0x1b
 1003 034a 76000000 		.4byte	0x76
 1004 034e 01       		.byte	0x1
 1005 034f 00       		.byte	0
 1006 0350 13       		.uleb128 0x13
 1007 0351 40030000 		.4byte	0x340
ARM GAS  C:\Users\IGOR~1.HOL\AppData\Local\Temp\ccDotovx.s 			page 25


 1008 0355 00       		.byte	0
 1009              		.section	.debug_abbrev,"",%progbits
 1010              	.Ldebug_abbrev0:
 1011 0000 01       		.uleb128 0x1
 1012 0001 11       		.uleb128 0x11
 1013 0002 01       		.byte	0x1
 1014 0003 25       		.uleb128 0x25
 1015 0004 0E       		.uleb128 0xe
 1016 0005 13       		.uleb128 0x13
 1017 0006 0B       		.uleb128 0xb
 1018 0007 03       		.uleb128 0x3
 1019 0008 0E       		.uleb128 0xe
 1020 0009 1B       		.uleb128 0x1b
 1021 000a 0E       		.uleb128 0xe
 1022 000b 55       		.uleb128 0x55
 1023 000c 17       		.uleb128 0x17
 1024 000d 11       		.uleb128 0x11
 1025 000e 01       		.uleb128 0x1
 1026 000f 10       		.uleb128 0x10
 1027 0010 17       		.uleb128 0x17
 1028 0011 00       		.byte	0
 1029 0012 00       		.byte	0
 1030 0013 02       		.uleb128 0x2
 1031 0014 24       		.uleb128 0x24
 1032 0015 00       		.byte	0
 1033 0016 0B       		.uleb128 0xb
 1034 0017 0B       		.uleb128 0xb
 1035 0018 3E       		.uleb128 0x3e
 1036 0019 0B       		.uleb128 0xb
 1037 001a 03       		.uleb128 0x3
 1038 001b 08       		.uleb128 0x8
 1039 001c 00       		.byte	0
 1040 001d 00       		.byte	0
 1041 001e 03       		.uleb128 0x3
 1042 001f 16       		.uleb128 0x16
 1043 0020 00       		.byte	0
 1044 0021 03       		.uleb128 0x3
 1045 0022 0E       		.uleb128 0xe
 1046 0023 3A       		.uleb128 0x3a
 1047 0024 0B       		.uleb128 0xb
 1048 0025 3B       		.uleb128 0x3b
 1049 0026 0B       		.uleb128 0xb
 1050 0027 49       		.uleb128 0x49
 1051 0028 13       		.uleb128 0x13
 1052 0029 00       		.byte	0
 1053 002a 00       		.byte	0
 1054 002b 04       		.uleb128 0x4
 1055 002c 24       		.uleb128 0x24
 1056 002d 00       		.byte	0
 1057 002e 0B       		.uleb128 0xb
 1058 002f 0B       		.uleb128 0xb
 1059 0030 3E       		.uleb128 0x3e
 1060 0031 0B       		.uleb128 0xb
 1061 0032 03       		.uleb128 0x3
 1062 0033 0E       		.uleb128 0xe
 1063 0034 00       		.byte	0
 1064 0035 00       		.byte	0
ARM GAS  C:\Users\IGOR~1.HOL\AppData\Local\Temp\ccDotovx.s 			page 26


 1065 0036 05       		.uleb128 0x5
 1066 0037 0F       		.uleb128 0xf
 1067 0038 00       		.byte	0
 1068 0039 0B       		.uleb128 0xb
 1069 003a 0B       		.uleb128 0xb
 1070 003b 00       		.byte	0
 1071 003c 00       		.byte	0
 1072 003d 06       		.uleb128 0x6
 1073 003e 16       		.uleb128 0x16
 1074 003f 00       		.byte	0
 1075 0040 03       		.uleb128 0x3
 1076 0041 0E       		.uleb128 0xe
 1077 0042 3A       		.uleb128 0x3a
 1078 0043 0B       		.uleb128 0xb
 1079 0044 3B       		.uleb128 0x3b
 1080 0045 05       		.uleb128 0x5
 1081 0046 49       		.uleb128 0x49
 1082 0047 13       		.uleb128 0x13
 1083 0048 00       		.byte	0
 1084 0049 00       		.byte	0
 1085 004a 07       		.uleb128 0x7
 1086 004b 35       		.uleb128 0x35
 1087 004c 00       		.byte	0
 1088 004d 49       		.uleb128 0x49
 1089 004e 13       		.uleb128 0x13
 1090 004f 00       		.byte	0
 1091 0050 00       		.byte	0
 1092 0051 08       		.uleb128 0x8
 1093 0052 13       		.uleb128 0x13
 1094 0053 01       		.byte	0x1
 1095 0054 0B       		.uleb128 0xb
 1096 0055 0B       		.uleb128 0xb
 1097 0056 3A       		.uleb128 0x3a
 1098 0057 0B       		.uleb128 0xb
 1099 0058 3B       		.uleb128 0x3b
 1100 0059 0B       		.uleb128 0xb
 1101 005a 01       		.uleb128 0x1
 1102 005b 13       		.uleb128 0x13
 1103 005c 00       		.byte	0
 1104 005d 00       		.byte	0
 1105 005e 09       		.uleb128 0x9
 1106 005f 0D       		.uleb128 0xd
 1107 0060 00       		.byte	0
 1108 0061 03       		.uleb128 0x3
 1109 0062 0E       		.uleb128 0xe
 1110 0063 3A       		.uleb128 0x3a
 1111 0064 0B       		.uleb128 0xb
 1112 0065 3B       		.uleb128 0x3b
 1113 0066 0B       		.uleb128 0xb
 1114 0067 49       		.uleb128 0x49
 1115 0068 13       		.uleb128 0x13
 1116 0069 38       		.uleb128 0x38
 1117 006a 0B       		.uleb128 0xb
 1118 006b 00       		.byte	0
 1119 006c 00       		.byte	0
 1120 006d 0A       		.uleb128 0xa
 1121 006e 2E       		.uleb128 0x2e
ARM GAS  C:\Users\IGOR~1.HOL\AppData\Local\Temp\ccDotovx.s 			page 27


 1122 006f 01       		.byte	0x1
 1123 0070 03       		.uleb128 0x3
 1124 0071 0E       		.uleb128 0xe
 1125 0072 3A       		.uleb128 0x3a
 1126 0073 0B       		.uleb128 0xb
 1127 0074 3B       		.uleb128 0x3b
 1128 0075 0B       		.uleb128 0xb
 1129 0076 27       		.uleb128 0x27
 1130 0077 19       		.uleb128 0x19
 1131 0078 11       		.uleb128 0x11
 1132 0079 01       		.uleb128 0x1
 1133 007a 12       		.uleb128 0x12
 1134 007b 06       		.uleb128 0x6
 1135 007c 40       		.uleb128 0x40
 1136 007d 18       		.uleb128 0x18
 1137 007e 9642     		.uleb128 0x2116
 1138 0080 19       		.uleb128 0x19
 1139 0081 01       		.uleb128 0x1
 1140 0082 13       		.uleb128 0x13
 1141 0083 00       		.byte	0
 1142 0084 00       		.byte	0
 1143 0085 0B       		.uleb128 0xb
 1144 0086 05       		.uleb128 0x5
 1145 0087 00       		.byte	0
 1146 0088 03       		.uleb128 0x3
 1147 0089 08       		.uleb128 0x8
 1148 008a 3A       		.uleb128 0x3a
 1149 008b 0B       		.uleb128 0xb
 1150 008c 3B       		.uleb128 0x3b
 1151 008d 0B       		.uleb128 0xb
 1152 008e 49       		.uleb128 0x49
 1153 008f 13       		.uleb128 0x13
 1154 0090 02       		.uleb128 0x2
 1155 0091 18       		.uleb128 0x18
 1156 0092 00       		.byte	0
 1157 0093 00       		.byte	0
 1158 0094 0C       		.uleb128 0xc
 1159 0095 05       		.uleb128 0x5
 1160 0096 00       		.byte	0
 1161 0097 03       		.uleb128 0x3
 1162 0098 0E       		.uleb128 0xe
 1163 0099 3A       		.uleb128 0x3a
 1164 009a 0B       		.uleb128 0xb
 1165 009b 3B       		.uleb128 0x3b
 1166 009c 0B       		.uleb128 0xb
 1167 009d 49       		.uleb128 0x49
 1168 009e 13       		.uleb128 0x13
 1169 009f 02       		.uleb128 0x2
 1170 00a0 18       		.uleb128 0x18
 1171 00a1 00       		.byte	0
 1172 00a2 00       		.byte	0
 1173 00a3 0D       		.uleb128 0xd
 1174 00a4 0F       		.uleb128 0xf
 1175 00a5 00       		.byte	0
 1176 00a6 0B       		.uleb128 0xb
 1177 00a7 0B       		.uleb128 0xb
 1178 00a8 49       		.uleb128 0x49
ARM GAS  C:\Users\IGOR~1.HOL\AppData\Local\Temp\ccDotovx.s 			page 28


 1179 00a9 13       		.uleb128 0x13
 1180 00aa 00       		.byte	0
 1181 00ab 00       		.byte	0
 1182 00ac 0E       		.uleb128 0xe
 1183 00ad 26       		.uleb128 0x26
 1184 00ae 00       		.byte	0
 1185 00af 00       		.byte	0
 1186 00b0 00       		.byte	0
 1187 00b1 0F       		.uleb128 0xf
 1188 00b2 2E       		.uleb128 0x2e
 1189 00b3 01       		.byte	0x1
 1190 00b4 03       		.uleb128 0x3
 1191 00b5 0E       		.uleb128 0xe
 1192 00b6 3A       		.uleb128 0x3a
 1193 00b7 0B       		.uleb128 0xb
 1194 00b8 3B       		.uleb128 0x3b
 1195 00b9 0B       		.uleb128 0xb
 1196 00ba 27       		.uleb128 0x27
 1197 00bb 19       		.uleb128 0x19
 1198 00bc 11       		.uleb128 0x11
 1199 00bd 01       		.uleb128 0x1
 1200 00be 12       		.uleb128 0x12
 1201 00bf 06       		.uleb128 0x6
 1202 00c0 40       		.uleb128 0x40
 1203 00c1 18       		.uleb128 0x18
 1204 00c2 9742     		.uleb128 0x2117
 1205 00c4 19       		.uleb128 0x19
 1206 00c5 01       		.uleb128 0x1
 1207 00c6 13       		.uleb128 0x13
 1208 00c7 00       		.byte	0
 1209 00c8 00       		.byte	0
 1210 00c9 10       		.uleb128 0x10
 1211 00ca 34       		.uleb128 0x34
 1212 00cb 00       		.byte	0
 1213 00cc 03       		.uleb128 0x3
 1214 00cd 08       		.uleb128 0x8
 1215 00ce 3A       		.uleb128 0x3a
 1216 00cf 0B       		.uleb128 0xb
 1217 00d0 3B       		.uleb128 0x3b
 1218 00d1 0B       		.uleb128 0xb
 1219 00d2 49       		.uleb128 0x49
 1220 00d3 13       		.uleb128 0x13
 1221 00d4 02       		.uleb128 0x2
 1222 00d5 18       		.uleb128 0x18
 1223 00d6 00       		.byte	0
 1224 00d7 00       		.byte	0
 1225 00d8 11       		.uleb128 0x11
 1226 00d9 0B       		.uleb128 0xb
 1227 00da 01       		.byte	0x1
 1228 00db 11       		.uleb128 0x11
 1229 00dc 01       		.uleb128 0x1
 1230 00dd 12       		.uleb128 0x12
 1231 00de 06       		.uleb128 0x6
 1232 00df 00       		.byte	0
 1233 00e0 00       		.byte	0
 1234 00e1 12       		.uleb128 0x12
 1235 00e2 34       		.uleb128 0x34
ARM GAS  C:\Users\IGOR~1.HOL\AppData\Local\Temp\ccDotovx.s 			page 29


 1236 00e3 00       		.byte	0
 1237 00e4 03       		.uleb128 0x3
 1238 00e5 0E       		.uleb128 0xe
 1239 00e6 3A       		.uleb128 0x3a
 1240 00e7 0B       		.uleb128 0xb
 1241 00e8 3B       		.uleb128 0x3b
 1242 00e9 0B       		.uleb128 0xb
 1243 00ea 49       		.uleb128 0x49
 1244 00eb 13       		.uleb128 0x13
 1245 00ec 02       		.uleb128 0x2
 1246 00ed 18       		.uleb128 0x18
 1247 00ee 00       		.byte	0
 1248 00ef 00       		.byte	0
 1249 00f0 13       		.uleb128 0x13
 1250 00f1 26       		.uleb128 0x26
 1251 00f2 00       		.byte	0
 1252 00f3 49       		.uleb128 0x49
 1253 00f4 13       		.uleb128 0x13
 1254 00f5 00       		.byte	0
 1255 00f6 00       		.byte	0
 1256 00f7 14       		.uleb128 0x14
 1257 00f8 2E       		.uleb128 0x2e
 1258 00f9 00       		.byte	0
 1259 00fa 03       		.uleb128 0x3
 1260 00fb 0E       		.uleb128 0xe
 1261 00fc 3A       		.uleb128 0x3a
 1262 00fd 0B       		.uleb128 0xb
 1263 00fe 3B       		.uleb128 0x3b
 1264 00ff 0B       		.uleb128 0xb
 1265 0100 27       		.uleb128 0x27
 1266 0101 19       		.uleb128 0x19
 1267 0102 11       		.uleb128 0x11
 1268 0103 01       		.uleb128 0x1
 1269 0104 12       		.uleb128 0x12
 1270 0105 06       		.uleb128 0x6
 1271 0106 40       		.uleb128 0x40
 1272 0107 18       		.uleb128 0x18
 1273 0108 9642     		.uleb128 0x2116
 1274 010a 19       		.uleb128 0x19
 1275 010b 00       		.byte	0
 1276 010c 00       		.byte	0
 1277 010d 15       		.uleb128 0x15
 1278 010e 2E       		.uleb128 0x2e
 1279 010f 00       		.byte	0
 1280 0110 03       		.uleb128 0x3
 1281 0111 0E       		.uleb128 0xe
 1282 0112 3A       		.uleb128 0x3a
 1283 0113 0B       		.uleb128 0xb
 1284 0114 3B       		.uleb128 0x3b
 1285 0115 0B       		.uleb128 0xb
 1286 0116 27       		.uleb128 0x27
 1287 0117 19       		.uleb128 0x19
 1288 0118 11       		.uleb128 0x11
 1289 0119 01       		.uleb128 0x1
 1290 011a 12       		.uleb128 0x12
 1291 011b 06       		.uleb128 0x6
 1292 011c 40       		.uleb128 0x40
ARM GAS  C:\Users\IGOR~1.HOL\AppData\Local\Temp\ccDotovx.s 			page 30


 1293 011d 18       		.uleb128 0x18
 1294 011e 9742     		.uleb128 0x2117
 1295 0120 19       		.uleb128 0x19
 1296 0121 00       		.byte	0
 1297 0122 00       		.byte	0
 1298 0123 16       		.uleb128 0x16
 1299 0124 2E       		.uleb128 0x2e
 1300 0125 01       		.byte	0x1
 1301 0126 3F       		.uleb128 0x3f
 1302 0127 19       		.uleb128 0x19
 1303 0128 03       		.uleb128 0x3
 1304 0129 0E       		.uleb128 0xe
 1305 012a 3A       		.uleb128 0x3a
 1306 012b 0B       		.uleb128 0xb
 1307 012c 3B       		.uleb128 0x3b
 1308 012d 05       		.uleb128 0x5
 1309 012e 27       		.uleb128 0x27
 1310 012f 19       		.uleb128 0x19
 1311 0130 11       		.uleb128 0x11
 1312 0131 01       		.uleb128 0x1
 1313 0132 12       		.uleb128 0x12
 1314 0133 06       		.uleb128 0x6
 1315 0134 40       		.uleb128 0x40
 1316 0135 18       		.uleb128 0x18
 1317 0136 9642     		.uleb128 0x2116
 1318 0138 19       		.uleb128 0x19
 1319 0139 01       		.uleb128 0x1
 1320 013a 13       		.uleb128 0x13
 1321 013b 00       		.byte	0
 1322 013c 00       		.byte	0
 1323 013d 17       		.uleb128 0x17
 1324 013e 34       		.uleb128 0x34
 1325 013f 00       		.byte	0
 1326 0140 03       		.uleb128 0x3
 1327 0141 0E       		.uleb128 0xe
 1328 0142 3A       		.uleb128 0x3a
 1329 0143 0B       		.uleb128 0xb
 1330 0144 3B       		.uleb128 0x3b
 1331 0145 05       		.uleb128 0x5
 1332 0146 49       		.uleb128 0x49
 1333 0147 13       		.uleb128 0x13
 1334 0148 02       		.uleb128 0x2
 1335 0149 18       		.uleb128 0x18
 1336 014a 00       		.byte	0
 1337 014b 00       		.byte	0
 1338 014c 18       		.uleb128 0x18
 1339 014d 13       		.uleb128 0x13
 1340 014e 01       		.byte	0x1
 1341 014f 0B       		.uleb128 0xb
 1342 0150 0B       		.uleb128 0xb
 1343 0151 3A       		.uleb128 0x3a
 1344 0152 0B       		.uleb128 0xb
 1345 0153 3B       		.uleb128 0x3b
 1346 0154 05       		.uleb128 0x5
 1347 0155 01       		.uleb128 0x1
 1348 0156 13       		.uleb128 0x13
 1349 0157 00       		.byte	0
ARM GAS  C:\Users\IGOR~1.HOL\AppData\Local\Temp\ccDotovx.s 			page 31


 1350 0158 00       		.byte	0
 1351 0159 19       		.uleb128 0x19
 1352 015a 0D       		.uleb128 0xd
 1353 015b 00       		.byte	0
 1354 015c 03       		.uleb128 0x3
 1355 015d 0E       		.uleb128 0xe
 1356 015e 3A       		.uleb128 0x3a
 1357 015f 0B       		.uleb128 0xb
 1358 0160 3B       		.uleb128 0x3b
 1359 0161 05       		.uleb128 0x5
 1360 0162 49       		.uleb128 0x49
 1361 0163 13       		.uleb128 0x13
 1362 0164 38       		.uleb128 0x38
 1363 0165 0B       		.uleb128 0xb
 1364 0166 00       		.byte	0
 1365 0167 00       		.byte	0
 1366 0168 1A       		.uleb128 0x1a
 1367 0169 01       		.uleb128 0x1
 1368 016a 01       		.byte	0x1
 1369 016b 49       		.uleb128 0x49
 1370 016c 13       		.uleb128 0x13
 1371 016d 01       		.uleb128 0x1
 1372 016e 13       		.uleb128 0x13
 1373 016f 00       		.byte	0
 1374 0170 00       		.byte	0
 1375 0171 1B       		.uleb128 0x1b
 1376 0172 21       		.uleb128 0x21
 1377 0173 00       		.byte	0
 1378 0174 49       		.uleb128 0x49
 1379 0175 13       		.uleb128 0x13
 1380 0176 2F       		.uleb128 0x2f
 1381 0177 0B       		.uleb128 0xb
 1382 0178 00       		.byte	0
 1383 0179 00       		.byte	0
 1384 017a 1C       		.uleb128 0x1c
 1385 017b 34       		.uleb128 0x34
 1386 017c 00       		.byte	0
 1387 017d 03       		.uleb128 0x3
 1388 017e 08       		.uleb128 0x8
 1389 017f 3A       		.uleb128 0x3a
 1390 0180 0B       		.uleb128 0xb
 1391 0181 3B       		.uleb128 0x3b
 1392 0182 05       		.uleb128 0x5
 1393 0183 49       		.uleb128 0x49
 1394 0184 13       		.uleb128 0x13
 1395 0185 02       		.uleb128 0x2
 1396 0186 18       		.uleb128 0x18
 1397 0187 00       		.byte	0
 1398 0188 00       		.byte	0
 1399 0189 00       		.byte	0
 1400              		.section	.debug_aranges,"",%progbits
 1401 0000 4C000000 		.4byte	0x4c
 1402 0004 0200     		.2byte	0x2
 1403 0006 00000000 		.4byte	.Ldebug_info0
 1404 000a 04       		.byte	0x4
 1405 000b 00       		.byte	0
 1406 000c 0000     		.2byte	0
ARM GAS  C:\Users\IGOR~1.HOL\AppData\Local\Temp\ccDotovx.s 			page 32


 1407 000e 0000     		.2byte	0
 1408 0010 00000000 		.4byte	.LFB1
 1409 0014 1E000000 		.4byte	.LFE1-.LFB1
 1410 0018 00000000 		.4byte	.LFB2
 1411 001c 22000000 		.4byte	.LFE2-.LFB2
 1412 0020 00000000 		.4byte	.LFB3
 1413 0024 22000000 		.4byte	.LFE3-.LFB3
 1414 0028 00000000 		.4byte	.LFB4
 1415 002c 80000000 		.4byte	.LFE4-.LFB4
 1416 0030 00000000 		.4byte	.LFB5
 1417 0034 B0000000 		.4byte	.LFE5-.LFB5
 1418 0038 00000000 		.4byte	.LFB6
 1419 003c 28000000 		.4byte	.LFE6-.LFB6
 1420 0040 B0000000 		.4byte	.LFB7
 1421 0044 24010000 		.4byte	.LFE7-.LFB7
 1422 0048 00000000 		.4byte	0
 1423 004c 00000000 		.4byte	0
 1424              		.section	.debug_ranges,"",%progbits
 1425              	.Ldebug_ranges0:
 1426 0000 00000000 		.4byte	.LFB1
 1427 0004 1E000000 		.4byte	.LFE1
 1428 0008 00000000 		.4byte	.LFB2
 1429 000c 22000000 		.4byte	.LFE2
 1430 0010 00000000 		.4byte	.LFB3
 1431 0014 22000000 		.4byte	.LFE3
 1432 0018 00000000 		.4byte	.LFB4
 1433 001c 80000000 		.4byte	.LFE4
 1434 0020 00000000 		.4byte	.LFB5
 1435 0024 B0000000 		.4byte	.LFE5
 1436 0028 00000000 		.4byte	.LFB6
 1437 002c 28000000 		.4byte	.LFE6
 1438 0030 B0000000 		.4byte	.LFB7
 1439 0034 D4010000 		.4byte	.LFE7
 1440 0038 00000000 		.4byte	0
 1441 003c 00000000 		.4byte	0
 1442              		.section	.debug_line,"",%progbits
 1443              	.Ldebug_line0:
 1444 0000 94010000 		.section	.debug_str,"MS",%progbits,1
 1444      0200CB00 
 1444      00000201 
 1444      FB0E0D00 
 1444      01010101 
 1445              	.LASF18:
 1446 0000 72656733 		.ascii	"reg32\000"
 1446      3200
 1447              	.LASF11:
 1448 0006 73697A65 		.ascii	"size_t\000"
 1448      5F7400
 1449              	.LASF32:
 1450 000d 416E616C 		.ascii	"AnalogSetDefault\000"
 1450      6F675365 
 1450      74446566 
 1450      61756C74 
 1450      00
 1451              	.LASF20:
 1452 001e 76616C75 		.ascii	"value\000"
 1452      6500
ARM GAS  C:\Users\IGOR~1.HOL\AppData\Local\Temp\ccDotovx.s 			page 33


 1453              	.LASF30:
 1454 0024 636F756E 		.ascii	"count\000"
 1454      7400
 1455              	.LASF31:
 1456 002a 436C6F63 		.ascii	"ClockSetup\000"
 1456      6B536574 
 1456      757000
 1457              	.LASF33:
 1458 0035 63795F63 		.ascii	"cy_cfg_addr_table\000"
 1458      66675F61 
 1458      6464725F 
 1458      7461626C 
 1458      6500
 1459              	.LASF34:
 1460 0047 63795F63 		.ascii	"cy_cfg_data_table\000"
 1460      66675F64 
 1460      6174615F 
 1460      7461626C 
 1460      6500
 1461              	.LASF15:
 1462 0059 666C6F61 		.ascii	"float\000"
 1462      7400
 1463              	.LASF24:
 1464 005f 64657374 		.ascii	"dest\000"
 1464      00
 1465              	.LASF38:
 1466 0064 6366675F 		.ascii	"cfg_memset_list\000"
 1466      6D656D73 
 1466      65745F6C 
 1466      69737400 
 1467              	.LASF36:
 1468 0074 73697A65 		.ascii	"size\000"
 1468      00
 1469              	.LASF17:
 1470 0079 72656738 		.ascii	"reg8\000"
 1470      00
 1471              	.LASF6:
 1472 007e 6C6F6E67 		.ascii	"long unsigned int\000"
 1472      20756E73 
 1472      69676E65 
 1472      6420696E 
 1472      7400
 1473              	.LASF12:
 1474 0090 75696E74 		.ascii	"uint8\000"
 1474      3800
 1475              	.LASF22:
 1476 0096 43594D45 		.ascii	"CYMEMZERO\000"
 1476      4D5A4552 
 1476      4F00
 1477              	.LASF2:
 1478 00a0 756E7369 		.ascii	"unsigned char\000"
 1478      676E6564 
 1478      20636861 
 1478      7200
 1479              	.LASF16:
 1480 00ae 646F7562 		.ascii	"double\000"
 1480      6C6500
ARM GAS  C:\Users\IGOR~1.HOL\AppData\Local\Temp\ccDotovx.s 			page 34


 1481              	.LASF26:
 1482 00b5 6366675F 		.ascii	"cfg_write_bytes32\000"
 1482      77726974 
 1482      655F6279 
 1482      74657333 
 1482      3200
 1483              	.LASF42:
 1484 00c7 63796669 		.ascii	"cyfitter_cfg\000"
 1484      74746572 
 1484      5F636667 
 1484      00
 1485              	.LASF27:
 1486 00d4 61646472 		.ascii	"addr_table\000"
 1486      5F746162 
 1486      6C6500
 1487              	.LASF13:
 1488 00df 75696E74 		.ascii	"uint16\000"
 1488      313600
 1489              	.LASF28:
 1490 00e6 64617461 		.ascii	"data_table\000"
 1490      5F746162 
 1490      6C6500
 1491              	.LASF14:
 1492 00f1 75696E74 		.ascii	"uint32\000"
 1492      333200
 1493              	.LASF39:
 1494 00f8 474E5520 		.ascii	"GNU C 4.9.3 20150303 (release) [ARM/embedded-4_9-br"
 1494      4320342E 
 1494      392E3320 
 1494      32303135 
 1494      30333033 
 1495 012b 616E6368 		.ascii	"anch revision 221220] -mcpu=cortex-m0 -mthumb -g -O"
 1495      20726576 
 1495      6973696F 
 1495      6E203232 
 1495      31323230 
 1496 015e 30202D66 		.ascii	"0 -ffunction-sections -ffat-lto-objects\000"
 1496      66756E63 
 1496      74696F6E 
 1496      2D736563 
 1496      74696F6E 
 1497              	.LASF0:
 1498 0186 756E7369 		.ascii	"unsigned int\000"
 1498      676E6564 
 1498      20696E74 
 1498      00
 1499              	.LASF35:
 1500 0193 61646472 		.ascii	"address\000"
 1500      65737300 
 1501              	.LASF8:
 1502 019b 6C6F6E67 		.ascii	"long long unsigned int\000"
 1502      206C6F6E 
 1502      6720756E 
 1502      7369676E 
 1502      65642069 
 1503              	.LASF41:
 1504 01b2 433A5C55 		.ascii	"C:\\Users\\igor.hollaender\\Documents\\GitHub\\CY8S"
ARM GAS  C:\Users\IGOR~1.HOL\AppData\Local\Temp\ccDotovx.s 			page 35


 1504      73657273 
 1504      5C69676F 
 1504      722E686F 
 1504      6C6C6165 
 1505 01e0 65727665 		.ascii	"erver\\Sensor\\IH_CapGauge01.cydsn\000"
 1505      725C5365 
 1505      6E736F72 
 1505      5C49485F 
 1505      43617047 
 1506              	.LASF37:
 1507 0201 6366675F 		.ascii	"cfg_memset_t\000"
 1507      6D656D73 
 1507      65745F74 
 1507      00
 1508              	.LASF29:
 1509 020e 62617365 		.ascii	"baseAddr\000"
 1509      41646472 
 1509      00
 1510              	.LASF9:
 1511 0217 73697A65 		.ascii	"sizetype\000"
 1511      74797065 
 1511      00
 1512              	.LASF4:
 1513 0220 73686F72 		.ascii	"short unsigned int\000"
 1513      7420756E 
 1513      7369676E 
 1513      65642069 
 1513      6E7400
 1514              	.LASF7:
 1515 0233 6C6F6E67 		.ascii	"long long int\000"
 1515      206C6F6E 
 1515      6720696E 
 1515      7400
 1516              	.LASF10:
 1517 0241 63686172 		.ascii	"char\000"
 1517      00
 1518              	.LASF21:
 1519 0246 63795F63 		.ascii	"cy_cfg_addrvalue_t\000"
 1519      66675F61 
 1519      64647276 
 1519      616C7565 
 1519      5F7400
 1520              	.LASF19:
 1521 0259 6F666673 		.ascii	"offset\000"
 1521      657400
 1522              	.LASF3:
 1523 0260 73686F72 		.ascii	"short int\000"
 1523      7420696E 
 1523      7400
 1524              	.LASF5:
 1525 026a 6C6F6E67 		.ascii	"long int\000"
 1525      20696E74 
 1525      00
 1526              	.LASF1:
 1527 0273 7369676E 		.ascii	"signed char\000"
 1527      65642063 
 1527      68617200 
ARM GAS  C:\Users\IGOR~1.HOL\AppData\Local\Temp\ccDotovx.s 			page 36


 1528              	.LASF40:
 1529 027f 47656E65 		.ascii	"Generated_Source\\PSoC4\\cyfitter_cfg.c\000"
 1529      72617465 
 1529      645F536F 
 1529      75726365 
 1529      5C50536F 
 1530              	.LASF25:
 1531 02a5 4359434F 		.ascii	"CYCONFIGCPYCODE\000"
 1531      4E464947 
 1531      43505943 
 1531      4F444500 
 1532              	.LASF23:
 1533 02b5 4359434F 		.ascii	"CYCONFIGCPY\000"
 1533      4E464947 
 1533      43505900 
 1534              		.ident	"GCC: (GNU Tools for ARM Embedded Processors) 4.9.3 20150303 (release) [ARM/embedded-4_9-br
